Component: ARM Compiler 5.06 update 7 (build 960) Tool: armlink [4d3601]

==============================================================================

Section Cross References

    startup_stm32f103x6.o(STACK) refers (Special) to heapauxi.o(.text) for __use_two_region_memory
    startup_stm32f103x6.o(HEAP) refers (Special) to heapauxi.o(.text) for __use_two_region_memory
    startup_stm32f103x6.o(RESET) refers (Special) to heapauxi.o(.text) for __use_two_region_memory
    startup_stm32f103x6.o(RESET) refers to startup_stm32f103x6.o(STACK) for __initial_sp
    startup_stm32f103x6.o(RESET) refers to startup_stm32f103x6.o(.text) for Reset_Handler
    startup_stm32f103x6.o(RESET) refers to stm32f1xx_it.o(i.NMI_Handler) for NMI_Handler
    startup_stm32f103x6.o(RESET) refers to stm32f1xx_it.o(i.HardFault_Handler) for HardFault_Handler
    startup_stm32f103x6.o(RESET) refers to stm32f1xx_it.o(i.MemManage_Handler) for MemManage_Handler
    startup_stm32f103x6.o(RESET) refers to stm32f1xx_it.o(i.BusFault_Handler) for BusFault_Handler
    startup_stm32f103x6.o(RESET) refers to stm32f1xx_it.o(i.UsageFault_Handler) for UsageFault_Handler
    startup_stm32f103x6.o(RESET) refers to stm32f1xx_it.o(i.SVC_Handler) for SVC_Handler
    startup_stm32f103x6.o(RESET) refers to stm32f1xx_it.o(i.DebugMon_Handler) for DebugMon_Handler
    startup_stm32f103x6.o(RESET) refers to stm32f1xx_it.o(i.PendSV_Handler) for PendSV_Handler
    startup_stm32f103x6.o(RESET) refers to stm32f1xx_it.o(i.SysTick_Handler) for SysTick_Handler
    startup_stm32f103x6.o(RESET) refers to stm32f1xx_it.o(i.TIM3_IRQHandler) for TIM3_IRQHandler
    startup_stm32f103x6.o(RESET) refers to stm32f1xx_it.o(i.USART1_IRQHandler) for USART1_IRQHandler
    startup_stm32f103x6.o(RESET) refers to stm32f1xx_it.o(i.EXTI15_10_IRQHandler) for EXTI15_10_IRQHandler
    startup_stm32f103x6.o(.text) refers (Special) to heapauxi.o(.text) for __use_two_region_memory
    startup_stm32f103x6.o(.text) refers to system_stm32f1xx.o(i.SystemInit) for SystemInit
    startup_stm32f103x6.o(.text) refers to __main.o(!!!main) for __main
    startup_stm32f103x6.o(.text) refers to startup_stm32f103x6.o(HEAP) for Heap_Mem
    startup_stm32f103x6.o(.text) refers to startup_stm32f103x6.o(STACK) for Stack_Mem
    user_car.o(i.car_goahead) refers to user_motor.o(i.motor_setleftspeed) for motor_setleftspeed
    user_car.o(i.car_goahead) refers to user_motor.o(i.motor_setrightspeed) for motor_setrightspeed
    user_car.o(i.car_goahead) refers to user_car.o(.data) for .data
    user_car.o(i.car_goback) refers to user_motor.o(i.motor_setleftspeed) for motor_setleftspeed
    user_car.o(i.car_goback) refers to user_motor.o(i.motor_setrightspeed) for motor_setrightspeed
    user_car.o(i.car_goback) refers to user_car.o(.data) for .data
    user_car.o(i.car_goleft) refers to user_motor.o(i.motor_setleftspeed) for motor_setleftspeed
    user_car.o(i.car_goleft) refers to user_motor.o(i.motor_setrightspeed) for motor_setrightspeed
    user_car.o(i.car_goleft) refers to user_car.o(.data) for .data
    user_car.o(i.car_goright) refers to user_motor.o(i.motor_setleftspeed) for motor_setleftspeed
    user_car.o(i.car_goright) refers to user_motor.o(i.motor_setrightspeed) for motor_setrightspeed
    user_car.o(i.car_goright) refers to user_car.o(.data) for .data
    user_car.o(i.car_gostop) refers to user_motor.o(i.motor_setleftspeed) for motor_setleftspeed
    user_car.o(i.car_gostop) refers to user_motor.o(i.motor_setrightspeed) for motor_setrightspeed
    user_car.o(i.self_left) refers to user_motor.o(i.motor_setleftspeed) for motor_setleftspeed
    user_car.o(i.self_left) refers to user_motor.o(i.motor_setrightspeed) for motor_setrightspeed
    user_car.o(i.self_left) refers to user_car.o(.data) for .data
    user_car.o(i.self_right) refers to user_motor.o(i.motor_setleftspeed) for motor_setleftspeed
    user_car.o(i.self_right) refers to user_motor.o(i.motor_setrightspeed) for motor_setrightspeed
    user_car.o(i.self_right) refers to user_car.o(.data) for .data
    user_car.o(i.set_all_speed) refers to user_car.o(.data) for .data
    user_motor.o(i.motor_setleftspeed) refers to stm32f1xx_hal_gpio.o(i.HAL_GPIO_WritePin) for HAL_GPIO_WritePin
    user_motor.o(i.motor_setleftspeed) refers to tim.o(.bss) for htim2
    user_motor.o(i.motor_setrightspeed) refers to stm32f1xx_hal_gpio.o(i.HAL_GPIO_WritePin) for HAL_GPIO_WritePin
    user_motor.o(i.motor_setrightspeed) refers to tim.o(.bss) for htim2
    user_servo.o(i.servo_setangle) refers to fdiv.o(x$fpl$fdiv) for __aeabi_fdiv
    user_servo.o(i.servo_setangle) refers to fmul.o(x$fpl$fmul) for __aeabi_fmul
    user_servo.o(i.servo_setangle) refers to faddsub_clz.o(x$fpl$fadd) for __aeabi_fadd
    user_servo.o(i.servo_setangle) refers to ffixu.o(x$fpl$ffixu) for __aeabi_f2uiz
    user_servo.o(i.servo_setangle) refers to tim.o(.bss) for htim3
    sr04.o(i.HAL_GPIO_EXTI_Callback) refers to stm32f1xx_hal_gpio.o(i.HAL_GPIO_ReadPin) for HAL_GPIO_ReadPin
[...]
    Removing stm32f1xx_hal_uart.o(i.HAL_UART_AbortTransmitCpltCallback), (2 bytes).
    Removing stm32f1xx_hal_uart.o(i.HAL_UART_AbortTransmit_IT), (104 bytes).
    Removing stm32f1xx_hal_uart.o(i.HAL_UART_Abort_IT), (244 bytes).
    Removing stm32f1xx_hal_uart.o(i.HAL_UART_DMAPause), (120 bytes).
    Removing stm32f1xx_hal_uart.o(i.HAL_UART_DMAResume), (114 bytes).
    Removing stm32f1xx_hal_uart.o(i.HAL_UART_DMAStop), (112 bytes).
    Removing stm32f1xx_hal_uart.o(i.HAL_UART_DeInit), (54 bytes).
    Removing stm32f1xx_hal_uart.o(i.HAL_UART_GetError), (4 bytes).
    Removing stm32f1xx_hal_uart.o(i.HAL_UART_GetState), (10 bytes).
    Removing stm32f1xx_hal_uart.o(i.HAL_UART_MspDeInit), (2 bytes).
    Removing stm32f1xx_hal_uart.o(i.HAL_UART_MspInit), (2 bytes).
    Removing stm32f1xx_hal_uart.o(i.HAL_UART_Receive), (176 bytes).
    Removing stm32f1xx_hal_uart.o(i.HAL_UART_Receive_DMA), (28 bytes).
    Removing stm32f1xx_hal_uart.o(i.HAL_UART_RxHalfCpltCallback), (2 bytes).
    Removing stm32f1xx_hal_uart.o(i.HAL_UART_Transmit), (160 bytes).
    Removing stm32f1xx_hal_uart.o(i.HAL_UART_Transmit_DMA), (120 bytes).
    Removing stm32f1xx_hal_uart.o(i.HAL_UART_Transmit_IT), (50 bytes).
    Removing stm32f1xx_hal_uart.o(i.HAL_UART_TxHalfCpltCallback), (2 bytes).
    Removing stm32f1xx_hal_uart.o(i.UART_DMAError), (74 bytes).
    Removing stm32f1xx_hal_uart.o(i.UART_DMAReceiveCplt), (134 bytes).
    Removing stm32f1xx_hal_uart.o(i.UART_DMARxAbortCallback), (44 bytes).
    Removing stm32f1xx_hal_uart.o(i.UART_DMARxHalfCplt), (30 bytes).
    Removing stm32f1xx_hal_uart.o(i.UART_DMARxOnlyAbortCallback), (22 bytes).
    Removing stm32f1xx_hal_uart.o(i.UART_DMATransmitCplt), (66 bytes).
    Removing stm32f1xx_hal_uart.o(i.UART_DMATxAbortCallback), (44 bytes).
    Removing stm32f1xx_hal_uart.o(i.UART_DMATxHalfCplt), (10 bytes).
    Removing stm32f1xx_hal_uart.o(i.UART_DMATxOnlyAbortCallback), (20 bytes).
    Removing stm32f1xx_hal_uart.o(i.UART_EndTxTransfer), (28 bytes).
    Removing stm32f1xx_hal_uart.o(i.UART_Start_Receive_DMA), (144 bytes).
    Removing stm32f1xx_hal_uart.o(i.UART_WaitOnFlagUntilTimeout), (114 bytes).
    Removing system_stm32f1xx.o(.rev16_text), (4 bytes).
    Removing system_stm32f1xx.o(.revsh_text), (4 bytes).
    Removing system_stm32f1xx.o(.rrx_text), (6 bytes).
    Removing system_stm32f1xx.o(i.SystemCoreClockUpdate), (104 bytes).

388 unused section(s) (total 24466 bytes) removed from the image.

==============================================================================

Image Symbol Table

    Local Symbols

    Symbol Name                              Value     Ov Type        Size  Object(Section)

    ../Core/Src/gpio.c                       0x00000000   Number         0  gpio.o ABSOLUTE
    ../Core/Src/main.c                       0x00000000   Number         0  main.o ABSOLUTE
    ../Core/Src/stm32f1xx_hal_msp.c          0x00000000   Number         0  stm32f1xx_hal_msp.o ABSOLUTE
    ../Core/Src/stm32f1xx_it.c               0x00000000   Number         0  stm32f1xx_it.o ABSOLUTE
    ../Core/Src/system_stm32f1xx.c           0x00000000   Number         0  system_stm32f1xx.o ABSOLUTE
    ../Core/Src/tim.c                        0x00000000   Number         0  tim.o ABSOLUTE
    ../Core/Src/usart.c                      0x00000000   Number         0  usart.o ABSOLUTE
    ../Drivers/STM32F1xx_HAL_Driver/Src/stm32f1xx_hal.c 0x00000000   Number         0  stm32f1xx_hal.o ABSOLUTE
    ../Drivers/STM32F1xx_HAL_Driver/Src/stm32f1xx_hal_cortex.c 0x00000000   Number         0  stm32f1xx_hal_cortex.o ABSOLUTE
    ../Drivers/STM32F1xx_HAL_Driver/Src/stm32f1xx_hal_dma.c 0x00000000   Number         0  stm32f1xx_hal_dma.o ABSOLUTE
    ../Drivers/STM32F1xx_HAL_Driver/Src/stm32f1xx_hal_exti.c 0x00000000   Number         0  stm32f1xx_hal_exti.o ABSOLUTE
    ../Drivers/STM32F1xx_HAL_Driver/Src/stm32f1xx_hal_flash.c 0x00000000   Number         0  stm32f1xx_hal_flash.o ABSOLUTE
    ../Drivers/STM32F1xx_HAL_Driver/Src/stm32f1xx_hal_flash_ex.c 0x00000000   Number         0  stm32f1xx_hal_flash_ex.o ABSOLUTE
    ../Drivers/STM32F1xx_HAL_Driver/Src/stm32f1xx_hal_gpio.c 0x00000000   Number         0  stm32f1xx_hal_gpio.o ABSOLUTE
    ../Drivers/STM32F1xx_HAL_Driver/Src/stm32f1xx_hal_gpio_ex.c 0x00000000   Number         0  stm32f1xx_hal_gpio_ex.o ABSOLUTE
    ../Drivers/STM32F1xx_HAL_Driver/Src/stm32f1xx_hal_pwr.c 0x00000000   Number         0  stm32f1xx_hal_pwr.o ABSOLUTE
    ../Drivers/STM32F1xx_HAL_Driver/Src/stm32f1xx_hal_rcc.c 0x00000000   Number         0  stm32f1xx_hal_rcc.o ABSOLUTE
    ../Drivers/STM32F1xx_HAL_Driver/Src/stm32f1xx_hal_rcc_ex.c 0x00000000   Number         0  stm32f1xx_hal_rcc_ex.o ABSOLUTE
    ../Drivers/STM32F1xx_HAL_Driver/Src/stm32f1xx_hal_tim.c 0x00000000   Number         0  stm32f1xx_hal_tim.o ABSOLUTE
    ../Drivers/STM32F1xx_HAL_Driver/Src/stm32f1xx_hal_tim_ex.c 0x00000000   Number         0  stm32f1xx_hal_tim_ex.o ABSOLUTE
    ../Drivers/STM32F1xx_HAL_Driver/Src/stm32f1xx_hal_uart.c 0x00000000   Number         0  stm32f1xx_hal_uart.o ABSOLUTE
    ../clib/angel/boardlib.s                 0x00000000   Number         0  boardshut.o ABSOLUTE
    ../clib/angel/boardlib.s                 0x00000000   Number         0  boardinit1.o ABSOLUTE
    ../clib/angel/boardlib.s                 0x00000000   Number         0  boardinit2.o ABSOLUTE
    ../clib/angel/boardlib.s                 0x00000000   Number         0  boardinit3.o ABSOLUTE
    ../clib/angel/handlers.s                 0x00000000   Number         0  __scatter_zi.o ABSOLUTE
    ../clib/angel/handlers.s                 0x00000000   Number         0  __scatter_copy.o ABSOLUTE
    ../clib/angel/kernel.s                   0x00000000   Number         0  __rtentry2.o ABSOLUTE
    ../clib/angel/kernel.s                   0x00000000   Number         0  __rtentry.o ABSOLUTE
    ../clib/angel/kernel.s                   0x00000000   Number         0  __rtentry4.o ABSOLUTE
    ../clib/angel/kernel.s                   0x00000000   Number         0  rtexit2.o ABSOLUTE
    ../clib/angel/kernel.s                   0x00000000   Number         0  rtexit.o ABSOLUTE
    ../clib/angel/rt.s                       0x00000000   Number         0  rt_raise.o ABSOLUTE
    ../clib/angel/scatter.s                  0x00000000   Number         0  __scatter.o ABSOLUTE
    ../clib/angel/startup.s                  0x00000000   Number         0  __main.o ABSOLUTE
    ../clib/angel/sys.s                      0x00000000   Number         0  use_no_semi.o ABSOLUTE
    ../clib/angel/sys.s                      0x00000000   Number         0  indicate_semi.o ABSOLUTE
    ../clib/angel/sys.s                      0x00000000   Number         0  sys_stackheap_outer.o ABSOLUTE
    ../clib/angel/sys.s                      0x00000000   Number         0  libspace.o ABSOLUTE
    ../clib/angel/sysapp.c                   0x00000000   Number         0  sys_command.o ABSOLUTE
    ../clib/angel/sysapp.c                   0x00000000   Number         0  sys_wrch.o ABSOLUTE
    ../clib/angel/sysapp.c                   0x00000000   Number         0  sys_exit.o ABSOLUTE
    ../clib/armsys.c                         0x00000000   Number         0  _get_argv_nomalloc.o ABSOLUTE
    ../clib/armsys.c                         0x00000000   Number         0  no_argv.o ABSOLUTE
    ../clib/armsys.c                         0x00000000   Number         0  argv_veneer.o ABSOLUTE
    ../clib/armsys.c                         0x00000000   Number         0  argv_veneer.o ABSOLUTE
    ../clib/heapalloc.c                      0x00000000   Number         0  hrguard.o ABSOLUTE
    ../clib/heapaux.c                        0x00000000   Number         0  heapauxi.o ABSOLUTE
    ../clib/libinit.s                        0x00000000   Number         0  libshutdown.o ABSOLUTE
    ../clib/libinit.s                        0x00000000   Number         0  libinit2.o ABSOLUTE
    ../clib/libinit.s                        0x00000000   Number         0  libinit.o ABSOLUTE
    ../clib/libinit.s                        0x00000000   Number         0  libshutdown2.o ABSOLUTE
    ../clib/longlong.s                       0x00000000   Number         0  llushr.o ABSOLUTE
    ../clib/memcpset.s                       0x00000000   Number         0  rt_memclr_w.o ABSOLUTE
    ../clib/signal.c                         0x00000000   Number         0  defsig_general.o ABSOLUTE
    ../clib/signal.c                         0x00000000   Number         0  __raise.o ABSOLUTE
    ../clib/signal.c                         0x00000000   Number         0  defsig_rtmem_formal.o ABSOLUTE
    ../clib/signal.c                         0x00000000   Number         0  defsig_exit.o ABSOLUTE
    ../clib/signal.c                         0x00000000   Number         0  defsig_rtmem_inner.o ABSOLUTE
    ../clib/signal.c                         0x00000000   Number         0  defsig_rtmem_outer.o ABSOLUTE
    ../clib/signal.c                         0x00000000   Number         0  defsig_fpe_inner.o ABSOLUTE
    ../clib/signal.c                         0x00000000   Number         0  defsig_rtred_inner.o ABSOLUTE
    ../clib/signal.c                         0x00000000   Number         0  defsig_stak_inner.o ABSOLUTE
    ../clib/signal.c                         0x00000000   Number         0  defsig_pvfn_inner.o ABSOLUTE
    ../clib/signal.c                         0x00000000   Number         0  defsig_cppl_inner.o ABSOLUTE
    ../clib/signal.c                         0x00000000   Number         0  defsig_segv_inner.o ABSOLUTE
    ../clib/signal.c                         0x00000000   Number         0  defsig_other.o ABSOLUTE
    ../clib/signal.c                         0x00000000   Number         0  defsig_abrt_inner.o ABSOLUTE
    ../clib/signal.s                         0x00000000   Number         0  defsig.o ABSOLUTE
    ../clib/stdlib.c                         0x00000000   Number         0  exit.o ABSOLUTE
    ../fplib/d2f.s                           0x00000000   Number         0  d2f.o ABSOLUTE
    ../fplib/dcheck1.s                       0x00000000   Number         0  dcheck1.o ABSOLUTE
    ../fplib/ddiv.s                          0x00000000   Number         0  ddiv.o ABSOLUTE
    ../fplib/dflt.s                          0x00000000   Number         0  dflt_clz.o ABSOLUTE
    ../fplib/dmul.s                          0x00000000   Number         0  dmul.o ABSOLUTE
    ../fplib/dnaninf.s                       0x00000000   Number         0  dnaninf.o ABSOLUTE
    ../fplib/dretinf.s                       0x00000000   Number         0  dretinf.o ABSOLUTE
    ../fplib/faddsub.s                       0x00000000   Number         0  faddsub_clz.o ABSOLUTE
    ../fplib/fdiv.s                          0x00000000   Number         0  fdiv.o ABSOLUTE
    ../fplib/ffixu.s                         0x00000000   Number         0  ffixu.o ABSOLUTE
    ../fplib/fmul.s                          0x00000000   Number         0  fmul.o ABSOLUTE
    ../fplib/fnaninf.s                       0x00000000   Number         0  fnaninf.o ABSOLUTE
    ../fplib/fpinit.s                        0x00000000   Number         0  fpinit.o ABSOLUTE
    ../fplib/fretinf.s                       0x00000000   Number         0  fretinf.o ABSOLUTE
    ../fplib/retnan.s                        0x00000000   Number         0  retnan.o ABSOLUTE
    ../fplib/scalbn.s                        0x00000000   Number         0  scalbn.o ABSOLUTE
    ../fplib/trapv.s                         0x00000000   Number         0  trapv.o ABSOLUTE
    ../fplib/usenofp.s                       0x00000000   Number         0  usenofp.o ABSOLUTE
    ..\Core\Src\gpio.c                       0x00000000   Number         0  gpio.o ABSOLUTE
    ..\Core\Src\main.c                       0x00000000   Number         0  main.o ABSOLUTE
    ..\Core\Src\sr04.c                       0x00000000   Number         0  sr04.o ABSOLUTE
    ..\Core\Src\stm32f1xx_hal_msp.c          0x00000000   Number         0  stm32f1xx_hal_msp.o ABSOLUTE
    ..\Core\Src\stm32f1xx_it.c               0x00000000   Number         0  stm32f1xx_it.o ABSOLUTE
    ..\Core\Src\system_stm32f1xx.c           0x00000000   Number         0  system_stm32f1xx.o ABSOLUTE
    ..\Core\Src\tim.c                        0x00000000   Number         0  tim.o ABSOLUTE
    ..\Core\Src\usart.c                      0x00000000   Number         0  usart.o ABSOLUTE
    ..\Core\Src\user_autogo.c                0x00000000   Number         0  user_autogo.o ABSOLUTE
    ..\Core\Src\user_car.c                   0x00000000   Number         0  user_car.o ABSOLUTE
    ..\Core\Src\user_motor.c                 0x00000000   Number         0  user_motor.o ABSOLUTE
    ..\Core\Src\user_serial.c                0x00000000   Number         0  user_serial_1.o ABSOLUTE
    ..\Core\Src\user_servo.c                 0x00000000   Number         0  user_servo.o ABSOLUTE
    ..\Drivers\STM32F1xx_HAL_Driver\Src\stm32f1xx_hal.c 0x00000000   Number         0  stm32f1xx_hal.o ABSOLUTE
    ..\Drivers\STM32F1xx_HAL_Driver\Src\stm32f1xx_hal_cortex.c 0x00000000   Number         0  stm32f1xx_hal_cortex.o ABSOLUTE
    ..\Drivers\STM32F1xx_HAL_Driver\Src\stm32f1xx_hal_dma.c 0x00000000   Number         0  stm32f1xx_hal_dma.o ABSOLUTE
    ..\Drivers\STM32F1xx_HAL_Driver\Src\stm32f1xx_hal_exti.c 0x00000000   Number         0  stm32f1xx_hal_exti.o ABSOLUTE
    ..\Drivers\STM32F1xx_HAL_Driver\Src\stm32f1xx_hal_flash.c 0x00000000   Number         0  stm32f1xx_hal_flash.o ABSOLUTE
    ..\Drivers\STM32F1xx_HAL_Driver\Src\stm32f1xx_hal_flash_ex.c 0x00000000   Number         0  stm32f1xx_hal_flash_ex.o ABSOLUTE
    ..\Drivers\STM32F1xx_HAL_Driver\Src\stm32f1xx_hal_gpio.c 0x00000000   Number         0  stm32f1xx_hal_gpio.o ABSOLUTE
    ..\Drivers\STM32F1xx_HAL_Driver\Src\stm32f1xx_hal_gpio_ex.c 0x00000000   Number         0  stm32f1xx_hal_gpio_ex.o ABSOLUTE
    ..\Drivers\STM32F1xx_HAL_Driver\Src\stm32f1xx_hal_pwr.c 0x00000000   Number         0  stm32f1xx_hal_pwr.o ABSOLUTE
    ..\Drivers\STM32F1xx_HAL_Driver\Src\stm32f1xx_hal_rcc.c 0x00000000   Number         0  stm32f1xx_hal_rcc.o ABSOLUTE
    ..\Drivers\STM32F1xx_HAL_Driver\Src\stm32f1xx_hal_rcc_ex.c 0x00000000   Number         0  stm32f1xx_hal_rcc_ex.o ABSOLUTE
    ..\Drivers\STM32F1xx_HAL_Driver\Src\stm32f1xx_hal_tim.c 0x00000000   Number         0  stm32f1xx_hal_tim.o ABSOLUTE
    ..\Drivers\STM32F1xx_HAL_Driver\Src\stm32f1xx_hal_tim_ex.c 0x00000000   Number         0  stm32f1xx_hal_tim_ex.o ABSOLUTE
    ..\Drivers\STM32F1xx_HAL_Driver\Src\stm32f1xx_hal_uart.c 0x00000000   Number         0  stm32f1xx_hal_uart.o ABSOLUTE
    ..\\Core\\Src\\sr04.c                    0x00000000   Number         0  sr04.o ABSOLUTE
    ..\\Core\\Src\\user_autogo.c             0x00000000   Number         0  user_autogo.o ABSOLUTE
    ..\\Core\\Src\\user_car.c                0x00000000   Number         0  user_car.o ABSOLUTE
    ..\\Core\\Src\\user_motor.c              0x00000000   Number         0  user_motor.o ABSOLUTE
    ..\\Core\\Src\\user_serial.c             0x00000000   Number         0  user_serial_1.o ABSOLUTE
    ..\\Core\\Src\\user_servo.c              0x00000000   Number         0  user_servo.o ABSOLUTE
    dc.s                                     0x00000000   Number         0  dc.o ABSOLUTE
    startup_stm32f103x6.s                    0x00000000   Number         0  startup_stm32f103x6.o ABSOLUTE
    RESET                                    0x08000000   Section      236  startup_stm32f103x6.o(RESET)
    !!!main                                  0x080000ec   Section        8  __main.o(!!!main)
    !!!scatter                               0x080000f4   Section       52  __scatter.o(!!!scatter)
    !!handler_copy                           0x08000128   Section       26  __scatter_copy.o(!!handler_copy)
    !!handler_zi                             0x08000144   Section       28  __scatter_zi.o(!!handler_zi)
    .ARM.Collect$$libinit$$00000000          0x08000160   Section        2  libinit.o(.ARM.Collect$$libinit$$00000000)
    .ARM.Collect$$libinit$$00000002          0x08000162   Section        0  libinit2.o(.ARM.Collect$$libinit$$00000002)
    .ARM.Collect$$libinit$$00000004          0x08000162   Section        0  libinit2.o(.ARM.Collect$$libinit$$00000004)
    .ARM.Collect$$libinit$$0000000A          0x08000162   Section        0  libinit2.o(.ARM.Collect$$libinit$$0000000A)
    .ARM.Collect$$libinit$$0000000C          0x08000162   Section        0  libinit2.o(.ARM.Collect$$libinit$$0000000C)
    .ARM.Collect$$libinit$$0000000E          0x08000162   Section        0  libinit2.o(.ARM.Collect$$libinit$$0000000E)
    .ARM.Collect$$libinit$$00000011          0x08000162   Section        0  libinit2.o(.ARM.Collect$$libinit$$00000011)
    .ARM.Collect$$libinit$$00000013          0x08000162   Section        0  libinit2.o(.ARM.Collect$$libinit$$00000013)
    .ARM.Collect$$libinit$$00000015          0x08000162   Section        0  libinit2.o(.ARM.Collect$$libinit$$00000015)
    .ARM.Collect$$libinit$$00000017          0x08000162   Section        0  libinit2.o(.ARM.Collect$$libinit$$00000017)
    .ARM.Collect$$libinit$$00000019          0x08000162   Section        0  libinit2.o(.ARM.Collect$$libinit$$00000019)
    .ARM.Collect$$libinit$$0000001B          0x08000162   Section        0  libinit2.o(.ARM.Collect$$libinit$$0000001B)
    .ARM.Collect$$libinit$$0000001D          0x08000162   Section        0  libinit2.o(.ARM.Collect$$libinit$$0000001D)
    .ARM.Collect$$libinit$$0000001F          0x08000162   Section        0  libinit2.o(.ARM.Collect$$libinit$$0000001F)
    .ARM.Collect$$libinit$$00000021          0x08000162   Section        0  libinit2.o(.ARM.Collect$$libinit$$00000021)
    .ARM.Collect$$libinit$$00000023          0x08000162   Section        0  libinit2.o(.ARM.Collect$$libinit$$00000023)
    .ARM.Collect$$libinit$$00000025          0x08000162   Section        0  libinit2.o(.ARM.Collect$$libinit$$00000025)
    .ARM.Collect$$libinit$$0000002C          0x08000162   Section        0  libinit2.o(.ARM.Collect$$libinit$$0000002C)
    .ARM.Collect$$libinit$$0000002E          0x08000162   Section        0  libinit2.o(.ARM.Collect$$libinit$$0000002E)
    .ARM.Collect$$libinit$$00000030          0x08000162   Section        0  libinit2.o(.ARM.Collect$$libinit$$00000030)
    .ARM.Collect$$libinit$$00000032          0x08000162   Section        0  libinit2.o(.ARM.Collect$$libinit$$00000032)
    .ARM.Collect$$libinit$$00000033          0x08000162   Section        2  libinit2.o(.ARM.Collect$$libinit$$00000033)
    .ARM.Collect$$libshutdown$$00000000      0x08000164   Section        2  libshutdown.o(.ARM.Collect$$libshutdown$$00000000)
    .ARM.Collect$$libshutdown$$00000002      0x08000166   Section        0  libshutdown2.o(.ARM.Collect$$libshutdown$$00000002)
    .ARM.Collect$$libshutdown$$00000004      0x08000166   Section        0  libshutdown2.o(.ARM.Collect$$libshutdown$$00000004)
    .ARM.Collect$$libshutdown$$00000006      0x08000166   Section        0  libshutdown2.o(.ARM.Collect$$libshutdown$$00000006)
    .ARM.Collect$$libshutdown$$00000009      0x08000166   Section        0  libshutdown2.o(.ARM.Collect$$libshutdown$$00000009)
    .ARM.Collect$$libshutdown$$0000000C      0x08000166   Section        0  libshutdown2.o(.ARM.Collect$$libshutdown$$0000000C)
    .ARM.Collect$$libshutdown$$0000000E      0x08000166   Section        0  libshutdown2.o(.ARM.Collect$$libshutdown$$0000000E)
    .ARM.Collect$$libshutdown$$00000011      0x08000166   Section        0  libshutdown2.o(.ARM.Collect$$libshutdown$$00000011)
    .ARM.Collect$$libshutdown$$00000012      0x08000166   Section        2  libshutdown2.o(.ARM.Collect$$libshutdown$$00000012)
    .ARM.Collect$$rtentry$$00000000          0x08000168   Section        0  __rtentry.o(.ARM.Collect$$rtentry$$00000000)
    .ARM.Collect$$rtentry$$00000002          0x08000168   Section        0  __rtentry2.o(.ARM.Collect$$rtentry$$00000002)
    .ARM.Collect$$rtentry$$00000004          0x08000168   Section        6  __rtentry4.o(.ARM.Collect$$rtentry$$00000004)
    .ARM.Collect$$rtentry$$00000009          0x0800016e   Section        0  __rtentry2.o(.ARM.Collect$$rtentry$$00000009)
    .ARM.Collect$$rtentry$$0000000A          0x0800016e   Section        4  __rtentry2.o(.ARM.Collect$$rtentry$$0000000A)
    .ARM.Collect$$rtentry$$0000000C          0x08000172   Section        0  __rtentry2.o(.ARM.Collect$$rtentry$$0000000C)
    .ARM.Collect$$rtentry$$0000000D          0x08000172   Section        8  __rtentry2.o(.ARM.Collect$$rtentry$$0000000D)
    .ARM.Collect$$rtexit$$00000000           0x0800017a   Section        2  rtexit.o(.ARM.Collect$$rtexit$$00000000)
    .ARM.Collect$$rtexit$$00000002           0x0800017c   Section        0  rtexit2.o(.ARM.Collect$$rtexit$$00000002)
    .ARM.Collect$$rtexit$$00000003           0x0800017c   Section        4  rtexit2.o(.ARM.Collect$$rtexit$$00000003)
    .ARM.Collect$$rtexit$$00000004           0x08000180   Section        6  rtexit2.o(.ARM.Collect$$rtexit$$00000004)
    .text                                    0x08000188   Section       64  startup_stm32f103x6.o(.text)
    .text                                    0x080001c8   Section       78  rt_memclr_w.o(.text)
    .text                                    0x08000216   Section        0  heapauxi.o(.text)
    .text                                    0x0800021c   Section       74  sys_stackheap_outer.o(.text)
    .text                                    0x08000266   Section        0  exit.o(.text)
    .text                                    0x08000278   Section        8  libspace.o(.text)
    .text                                    0x08000280   Section        0  sys_exit.o(.text)
    .text                                    0x0800028c   Section        2  use_no_semi.o(.text)
    .text                                    0x0800028e   Section        0  indicate_semi.o(.text)
    i.BusFault_Handler                       0x0800028e   Section        0  stm32f1xx_it.o(i.BusFault_Handler)
    i.DebugMon_Handler                       0x08000290   Section        0  stm32f1xx_it.o(i.DebugMon_Handler)
    i.EXTI15_10_IRQHandler                   0x08000292   Section        0  stm32f1xx_it.o(i.EXTI15_10_IRQHandler)
    i.Error_Handler                          0x0800029a   Section        0  main.o(i.Error_Handler)
    i.HAL_DMA_Abort                          0x0800029e   Section        0  stm32f1xx_hal_dma.o(i.HAL_DMA_Abort)
    i.HAL_DMA_Abort_IT                       0x080002e4   Section        0  stm32f1xx_hal_dma.o(i.HAL_DMA_Abort_IT)
    i.HAL_GPIO_EXTI_Callback                 0x0800037c   Section        0  sr04.o(i.HAL_GPIO_EXTI_Callback)
    i.HAL_GPIO_EXTI_IRQHandler               0x080003ec   Section        0  stm32f1xx_hal_gpio.o(i.HAL_GPIO_EXTI_IRQHandler)
    i.HAL_GPIO_Init                          0x08000404   Section        0  stm32f1xx_hal_gpio.o(i.HAL_GPIO_Init)
    i.HAL_GPIO_ReadPin                       0x080005c4   Section        0  stm32f1xx_hal_gpio.o(i.HAL_GPIO_ReadPin)
    i.HAL_GPIO_WritePin                      0x080005ce   Section        0  stm32f1xx_hal_gpio.o(i.HAL_GPIO_WritePin)
    i.HAL_GetTick                            0x080005d8   Section        0  stm32f1xx_hal.o(i.HAL_GetTick)
    i.HAL_IncTick                            0x080005e4   Section        0  stm32f1xx_hal.o(i.HAL_IncTick)
    i.HAL_Init                               0x080005f4   Section        0  stm32f1xx_hal.o(i.HAL_Init)
    i.HAL_InitTick                           0x08000618   Section        0  stm32f1xx_hal.o(i.HAL_InitTick)
    i.HAL_MspInit                            0x08000658   Section        0  stm32f1xx_hal_msp.o(i.HAL_MspInit)
    i.HAL_NVIC_EnableIRQ                     0x08000694   Section        0  stm32f1xx_hal_cortex.o(i.HAL_NVIC_EnableIRQ)
    i.HAL_NVIC_SetPriority                   0x080006b0   Section        0  stm32f1xx_hal_cortex.o(i.HAL_NVIC_SetPriority)
    i.HAL_NVIC_SetPriorityGrouping           0x080006f0   Section        0  stm32f1xx_hal_cortex.o(i.HAL_NVIC_SetPriorityGrouping)
    i.HAL_RCC_ClockConfig                    0x08000714   Section        0  stm32f1xx_hal_rcc.o(i.HAL_RCC_ClockConfig)
    i.HAL_RCC_GetPCLK1Freq                   0x08000840   Section        0  stm32f1xx_hal_rcc.o(i.HAL_RCC_GetPCLK1Freq)
    i.HAL_RCC_GetPCLK2Freq                   0x08000860   Section        0  stm32f1xx_hal_rcc.o(i.HAL_RCC_GetPCLK2Freq)
    i.HAL_RCC_GetSysClockFreq                0x08000880   Section        0  stm32f1xx_hal_rcc.o(i.HAL_RCC_GetSysClockFreq)
    i.HAL_RCC_OscConfig                      0x080008cc   Section        0  stm32f1xx_hal_rcc.o(i.HAL_RCC_OscConfig)
    i.HAL_SYSTICK_Config                     0x08000bec   Section        0  stm32f1xx_hal_cortex.o(i.HAL_SYSTICK_Config)
    i.HAL_TIMEx_BreakCallback                0x08000c14   Section        0  stm32f1xx_hal_tim_ex.o(i.HAL_TIMEx_BreakCallback)
    i.HAL_TIMEx_CommutCallback               0x08000c16   Section        0  stm32f1xx_hal_tim_ex.o(i.HAL_TIMEx_CommutCallback)
    i.HAL_TIMEx_MasterConfigSynchronization  0x08000c18   Section        0  stm32f1xx_hal_tim_ex.o(i.HAL_TIMEx_MasterConfigSynchronization)
    i.HAL_TIM_Base_Init                      0x08000c78   Section        0  stm32f1xx_hal_tim.o(i.HAL_TIM_Base_Init)
    i.HAL_TIM_Base_MspInit                   0x08000cd4   Section        0  tim.o(i.HAL_TIM_Base_MspInit)
    i.HAL_TIM_Base_Start                     0x08000cfc   Section        0  stm32f1xx_hal_tim.o(i.HAL_TIM_Base_Start)
    i.HAL_TIM_Base_Stop                      0x08000d40   Section        0  stm32f1xx_hal_tim.o(i.HAL_TIM_Base_Stop)
    i.HAL_TIM_ConfigClockSource              0x08000d66   Section        0  stm32f1xx_hal_tim.o(i.HAL_TIM_ConfigClockSource)
    i.HAL_TIM_IC_CaptureCallback             0x08000e42   Section        0  stm32f1xx_hal_tim.o(i.HAL_TIM_IC_CaptureCallback)
    i.HAL_TIM_IRQHandler                     0x08000e44   Section        0  stm32f1xx_hal_tim.o(i.HAL_TIM_IRQHandler)
    i.HAL_TIM_MspPostInit                    0x08000f74   Section        0  tim.o(i.HAL_TIM_MspPostInit)
    i.HAL_TIM_OC_DelayElapsedCallback        0x08000fe8   Section        0  stm32f1xx_hal_tim.o(i.HAL_TIM_OC_DelayElapsedCallback)
    i.HAL_TIM_PWM_ConfigChannel              0x08000fea   Section        0  stm32f1xx_hal_tim.o(i.HAL_TIM_PWM_ConfigChannel)
    i.HAL_TIM_PWM_Init                       0x080010b6   Section        0  stm32f1xx_hal_tim.o(i.HAL_TIM_PWM_Init)
    i.HAL_TIM_PWM_MspInit                    0x08001110   Section        0  tim.o(i.HAL_TIM_PWM_MspInit)
    i.HAL_TIM_PWM_PulseFinishedCallback      0x08001160   Section        0  stm32f1xx_hal_tim.o(i.HAL_TIM_PWM_PulseFinishedCallback)
    i.HAL_TIM_PWM_Start                      0x08001164   Section        0  stm32f1xx_hal_tim.o(i.HAL_TIM_PWM_Start)
    i.HAL_TIM_PeriodElapsedCallback          0x080011f8   Section        0  stm32f1xx_hal_tim.o(i.HAL_TIM_PeriodElapsedCallback)
    i.HAL_TIM_TriggerCallback                0x080011fa   Section        0  stm32f1xx_hal_tim.o(i.HAL_TIM_TriggerCallback)
    i.HAL_UARTEx_RxEventCallback             0x080011fc   Section        0  stm32f1xx_hal_uart.o(i.HAL_UARTEx_RxEventCallback)
    i.HAL_UART_ErrorCallback                 0x080011fe   Section        0  stm32f1xx_hal_uart.o(i.HAL_UART_ErrorCallback)
    i.HAL_UART_IRQHandler                    0x08001200   Section        0  stm32f1xx_hal_uart.o(i.HAL_UART_IRQHandler)
    i.HAL_UART_Init                          0x0800146c   Section        0  stm32f1xx_hal_uart.o(i.HAL_UART_Init)
    i.HAL_UART_MspInit                       0x080014d0   Section        0  usart.o(i.HAL_UART_MspInit)
    i.HAL_UART_Receive_IT                    0x08001550   Section        0  stm32f1xx_hal_uart.o(i.HAL_UART_Receive_IT)
    i.HAL_UART_RxCpltCallback                0x0800156c   Section        0  stm32f1xx_hal_uart.o(i.HAL_UART_RxCpltCallback)
    i.HAL_UART_TxCpltCallback                0x0800156e   Section        0  stm32f1xx_hal_uart.o(i.HAL_UART_TxCpltCallback)
    i.HardFault_Handler                      0x08001570   Section        0  stm32f1xx_it.o(i.HardFault_Handler)
    i.MX_GPIO_Init                           0x08001574   Section        0  gpio.o(i.MX_GPIO_Init)
    i.MX_TIM1_Init                           0x08001654   Section        0  tim.o(i.MX_TIM1_Init)
    i.MX_TIM2_Init                           0x080016bc   Section        0  tim.o(i.MX_TIM2_Init)
    i.MX_TIM3_Init                           0x08001728   Section        0  tim.o(i.MX_TIM3_Init)
    i.MX_USART1_UART_Init                    0x08001798   Section        0  usart.o(i.MX_USART1_UART_Init)
    i.MemManage_Handler                      0x080017d0   Section        0  stm32f1xx_it.o(i.MemManage_Handler)
    i.NMI_Handler                            0x080017d2   Section        0  stm32f1xx_it.o(i.NMI_Handler)
    i.PendSV_Handler                         0x080017d4   Section        0  stm32f1xx_it.o(i.PendSV_Handler)
    i.SVC_Handler                            0x080017d6   Section        0  stm32f1xx_it.o(i.SVC_Handler)
    i.SysTick_Handler                        0x080017d8   Section        0  stm32f1xx_it.o(i.SysTick_Handler)
    i.SystemClock_Config                     0x080017dc   Section        0  main.o(i.SystemClock_Config)
    i.SystemInit                             0x0800183a   Section        0  system_stm32f1xx.o(i.SystemInit)
    i.TIM3_IRQHandler                        0x0800183c   Section        0  stm32f1xx_it.o(i.TIM3_IRQHandler)
    i.TIM_Base_SetConfig                     0x08001848   Section        0  stm32f1xx_hal_tim.o(i.TIM_Base_SetConfig)
    i.TIM_CCxChannelCmd                      0x080018b4   Section        0  stm32f1xx_hal_tim.o(i.TIM_CCxChannelCmd)
    i.TIM_ETR_SetConfig                      0x080018ce   Section        0  stm32f1xx_hal_tim.o(i.TIM_ETR_SetConfig)
    i.TIM_ITRx_SetConfig                     0x080018e2   Section        0  stm32f1xx_hal_tim.o(i.TIM_ITRx_SetConfig)
    TIM_ITRx_SetConfig                       0x080018e3   Thumb Code    16  stm32f1xx_hal_tim.o(i.TIM_ITRx_SetConfig)
    i.TIM_OC1_SetConfig                      0x080018f4   Section        0  stm32f1xx_hal_tim.o(i.TIM_OC1_SetConfig)
    TIM_OC1_SetConfig                        0x080018f5   Thumb Code    74  stm32f1xx_hal_tim.o(i.TIM_OC1_SetConfig)
    i.TIM_OC2_SetConfig                      0x08001944   Section        0  stm32f1xx_hal_tim.o(i.TIM_OC2_SetConfig)
    i.TIM_OC3_SetConfig                      0x0800199c   Section        0  stm32f1xx_hal_tim.o(i.TIM_OC3_SetConfig)
    TIM_OC3_SetConfig                        0x0800199d   Thumb Code    82  stm32f1xx_hal_tim.o(i.TIM_OC3_SetConfig)
    i.TIM_OC4_SetConfig                      0x080019f4   Section        0  stm32f1xx_hal_tim.o(i.TIM_OC4_SetConfig)
    TIM_OC4_SetConfig                        0x080019f5   Thumb Code    64  stm32f1xx_hal_tim.o(i.TIM_OC4_SetConfig)
    i.TIM_TI1_ConfigInputStage               0x08001a38   Section        0  stm32f1xx_hal_tim.o(i.TIM_TI1_ConfigInputStage)
    TIM_TI1_ConfigInputStage                 0x08001a39   Thumb Code    34  stm32f1xx_hal_tim.o(i.TIM_TI1_ConfigInputStage)
    i.TIM_TI2_ConfigInputStage               0x08001a5a   Section        0  stm32f1xx_hal_tim.o(i.TIM_TI2_ConfigInputStage)
    TIM_TI2_ConfigInputStage                 0x08001a5b   Thumb Code    36  stm32f1xx_hal_tim.o(i.TIM_TI2_ConfigInputStage)
    i.UART_DMAAbortOnError                   0x08001a7e   Section        0  stm32f1xx_hal_uart.o(i.UART_DMAAbortOnError)
    UART_DMAAbortOnError                     0x08001a7f   Thumb Code    16  stm32f1xx_hal_uart.o(i.UART_DMAAbortOnError)
    i.UART_EndRxTransfer                     0x08001a8e   Section        0  stm32f1xx_hal_uart.o(i.UART_EndRxTransfer)
    UART_EndRxTransfer                       0x08001a8f   Thumb Code    78  stm32f1xx_hal_uart.o(i.UART_EndRxTransfer)
    i.UART_Receive_IT                        0x08001adc   Section        0  stm32f1xx_hal_uart.o(i.UART_Receive_IT)
    UART_Receive_IT                          0x08001add   Thumb Code   194  stm32f1xx_hal_uart.o(i.UART_Receive_IT)
    i.UART_SetConfig                         0x08001ba0   Section        0  stm32f1xx_hal_uart.o(i.UART_SetConfig)
    UART_SetConfig                           0x08001ba1   Thumb Code   178  stm32f1xx_hal_uart.o(i.UART_SetConfig)
    i.UART_Start_Receive_IT                  0x08001c58   Section        0  stm32f1xx_hal_uart.o(i.UART_Start_Receive_IT)
    i.USART1_IRQHandler                      0x08001c90   Section        0  stm32f1xx_it.o(i.USART1_IRQHandler)
    i.UsageFault_Handler                     0x08001d34   Section        0  stm32f1xx_it.o(i.UsageFault_Handler)
    i.__NVIC_SetPriority                     0x08001d36   Section        0  stm32f1xx_hal_cortex.o(i.__NVIC_SetPriority)
    __NVIC_SetPriority                       0x08001d37   Thumb Code    32  stm32f1xx_hal_cortex.o(i.__NVIC_SetPriority)
    i.car_goahead                            0x08001d58   Section        0  user_car.o(i.car_goahead)
    i.car_goback                             0x08001d70   Section        0  user_car.o(i.car_goback)
    i.car_goleft                             0x08001d90   Section        0  user_car.o(i.car_goleft)
    i.car_goright                            0x08001da8   Section        0  user_car.o(i.car_goright)
    i.car_gostop                             0x08001dc0   Section        0  user_car.o(i.car_gostop)
    i.main                                   0x08001dd4   Section        0  main.o(i.main)
    i.motor_setleftspeed                     0x08001e1c   Section        0  user_motor.o(i.motor_setleftspeed)
    i.motor_setrightspeed                    0x08001e4c   Section        0  user_motor.o(i.motor_setrightspeed)
    i.self_left                              0x08001e94   Section        0  user_car.o(i.self_left)
    i.self_right                             0x08001eb0   Section        0  user_car.o(i.self_right)
    i.servo_setangle                         0x08001ecc   Section        0  user_servo.o(i.servo_setangle)
    x$fpl$d2f                                0x08001efc   Section       98  d2f.o(x$fpl$d2f)
    x$fpl$dcheck1                            0x08001f60   Section       16  dcheck1.o(x$fpl$dcheck1)
    x$fpl$ddiv                               0x08001f70   Section      688  ddiv.o(x$fpl$ddiv)
    ddiv_entry                               0x08001f77   Thumb Code     0  ddiv.o(x$fpl$ddiv)
    x$fpl$dfltu                              0x08002220   Section       38  dflt_clz.o(x$fpl$dfltu)
    x$fpl$dmul                               0x08002248   Section      340  dmul.o(x$fpl$dmul)
    x$fpl$dnaninf                            0x0800239c   Section      156  dnaninf.o(x$fpl$dnaninf)
    x$fpl$dretinf                            0x08002438   Section       12  dretinf.o(x$fpl$dretinf)
    x$fpl$fadd                               0x08002444   Section      196  faddsub_clz.o(x$fpl$fadd)
    _fadd1                                   0x08002453   Thumb Code     0  faddsub_clz.o(x$fpl$fadd)
    x$fpl$fdiv                               0x08002508   Section      388  fdiv.o(x$fpl$fdiv)
    _fdiv1                                   0x08002509   Thumb Code     0  fdiv.o(x$fpl$fdiv)
    x$fpl$ffixu                              0x0800268c   Section       62  ffixu.o(x$fpl$ffixu)
    x$fpl$fmul                               0x080026cc   Section      258  fmul.o(x$fpl$fmul)
    x$fpl$fnaninf                            0x080027ce   Section      140  fnaninf.o(x$fpl$fnaninf)
    x$fpl$fretinf                            0x0800285a   Section       10  fretinf.o(x$fpl$fretinf)
    x$fpl$fsub                               0x08002864   Section      234  faddsub_clz.o(x$fpl$fsub)
    _fsub1                                   0x08002873   Thumb Code     0  faddsub_clz.o(x$fpl$fsub)
    x$fpl$retnan                             0x0800294e   Section      100  retnan.o(x$fpl$retnan)
    x$fpl$scalbn                             0x080029b2   Section       92  scalbn.o(x$fpl$scalbn)
    x$fpl$trapveneer                         0x08002a0e   Section       48  trapv.o(x$fpl$trapveneer)
    .constdata                               0x08002a3e   Section       18  stm32f1xx_hal_rcc.o(.constdata)
    x$fpl$usenofp                            0x08002a3e   Section        0  usenofp.o(x$fpl$usenofp)
    aPredivFactorTable                       0x08002a3e   Data           2  stm32f1xx_hal_rcc.o(.constdata)
    aPLLMULFactorTable                       0x08002a40   Data          16  stm32f1xx_hal_rcc.o(.constdata)
    .constdata                               0x08002a50   Section       16  system_stm32f1xx.o(.constdata)
    .constdata                               0x08002a60   Section        8  system_stm32f1xx.o(.constdata)
    .data                                    0x20000000   Section        1  user_car.o(.data)
    .data                                    0x20000004   Section        8  sr04.o(.data)
    .data                                    0x2000000c   Section        3  stm32f1xx_it.o(.data)
    .data                                    0x20000010   Section       12  stm32f1xx_hal.o(.data)
    .data                                    0x2000001c   Section        4  system_stm32f1xx.o(.data)
    .bss                                     0x20000020   Section      216  tim.o(.bss)
    .bss                                     0x200000f8   Section       72  usart.o(.bss)
    .bss                                     0x20000140   Section       96  libspace.o(.bss)
    HEAP                                     0x200001a0   Section      512  startup_stm32f103x6.o(HEAP)
    Heap_Mem                                 0x200001a0   Data         512  startup_stm32f103x6.o(HEAP)
    STACK                                    0x200003a0   Section     1024  startup_stm32f103x6.o(STACK)
    Stack_Mem                                0x200003a0   Data        1024  startup_stm32f103x6.o(STACK)
    __initial_sp                             0x200007a0   Data           0  startup_stm32f103x6.o(STACK)

    Global Symbols

    Symbol Name                              Value     Ov Type        Size  Object(Section)

    BuildAttributes$$THM_ISAv4$P$D$K$B$S$PE$A:L22UL41UL21$X:L11$S22US41US21$IEEE1$IW$USESV6$~STKCKD$USESV7$~SHL$OSPACE$ROPI$EBA8$UX$STANDARDLIB$REQ8$PRES8$EABIv2 0x00000000   Number         0  anon$$obj.o ABSOLUTE
    __ARM_use_no_argv                        0x00000000   Number         0  main.o ABSOLUTE
    __ARM_exceptions_init                     - Undefined Weak Reference
    __alloca_initialize                       - Undefined Weak Reference
    __arm_fini_                               - Undefined Weak Reference
    __arm_preinit_                            - Undefined Weak Reference
    __cpp_initialize__aeabi_                  - Undefined Weak Reference
    __cxa_finalize                            - Undefined Weak Reference
    __rt_locale                               - Undefined Weak Reference
    __sigvec_lookup                           - Undefined Weak Reference
    _atexit_init                              - Undefined Weak Reference
    _call_atexit_fns                          - Undefined Weak Reference
    _clock_init                               - Undefined Weak Reference
    _fp_trap_init                             - Undefined Weak Reference
    _fp_trap_shutdown                         - Undefined Weak Reference
    _get_lc_collate                           - Undefined Weak Reference
    _get_lc_ctype                             - Undefined Weak Reference
    _get_lc_monetary                          - Undefined Weak Reference
    _get_lc_numeric                           - Undefined Weak Reference
    _get_lc_time                              - Undefined Weak Reference
    _getenv_init                              - Undefined Weak Reference
    _handle_redirection                       - Undefined Weak Reference
    _init_alloc                               - Undefined Weak Reference
    _init_user_alloc                          - Undefined Weak Reference
    _initio                                   - Undefined Weak Reference
    _rand_init                                - Undefined Weak Reference
    _signal_finish                            - Undefined Weak Reference
    _signal_init                              - Undefined Weak Reference
    _terminate_alloc                          - Undefined Weak Reference
    _terminate_user_alloc                     - Undefined Weak Reference
    _terminateio                              - Undefined Weak Reference
    __Vectors_Size                           0x000000ec   Number         0  startup_stm32f103x6.o ABSOLUTE
    __Vectors                                0x08000000   Data           4  startup_stm32f103x6.o(RESET)
    __Vectors_End                            0x080000ec   Data           0  startup_stm32f103x6.o(RESET)
    __main                                   0x080000ed   Thumb Code     8  __main.o(!!!main)
    __scatterload                            0x080000f5   Thumb Code     0  __scatter.o(!!!scatter)
    __scatterload_rt2                        0x080000f5   Thumb Code    44  __scatter.o(!!!scatter)
    __scatterload_rt2_thumb_only             0x080000f5   Thumb Code     0  __scatter.o(!!!scatter)
    __scatterload_null                       0x08000103   Thumb Code     0  __scatter.o(!!!scatter)
    __scatterload_copy                       0x08000129   Thumb Code    26  __scatter_copy.o(!!handler_copy)
    __scatterload_zeroinit                   0x08000145   Thumb Code    28  __scatter_zi.o(!!handler_zi)
    __rt_lib_init                            0x08000161   Thumb Code     0  libinit.o(.ARM.Collect$$libinit$$00000000)
    __rt_lib_init_alloca_1                   0x08000163   Thumb Code     0  libinit2.o(.ARM.Collect$$libinit$$0000002E)
    __rt_lib_init_argv_1                     0x08000163   Thumb Code     0  libinit2.o(.ARM.Collect$$libinit$$0000002C)
    __rt_lib_init_atexit_1                   0x08000163   Thumb Code     0  libinit2.o(.ARM.Collect$$libinit$$0000001B)
    __rt_lib_init_clock_1                    0x08000163   Thumb Code     0  libinit2.o(.ARM.Collect$$libinit$$00000021)
    __rt_lib_init_cpp_1                      0x08000163   Thumb Code     0  libinit2.o(.ARM.Collect$$libinit$$00000032)
    __rt_lib_init_exceptions_1               0x08000163   Thumb Code     0  libinit2.o(.ARM.Collect$$libinit$$00000030)
    __rt_lib_init_fp_1                       0x08000163   Thumb Code     0  libinit2.o(.ARM.Collect$$libinit$$00000002)
    __rt_lib_init_fp_trap_1                  0x08000163   Thumb Code     0  libinit2.o(.ARM.Collect$$libinit$$0000001F)
    __rt_lib_init_getenv_1                   0x08000163   Thumb Code     0  libinit2.o(.ARM.Collect$$libinit$$00000023)
    __rt_lib_init_heap_1                     0x08000163   Thumb Code     0  libinit2.o(.ARM.Collect$$libinit$$0000000A)
    __rt_lib_init_lc_collate_1               0x08000163   Thumb Code     0  libinit2.o(.ARM.Collect$$libinit$$00000011)
    __rt_lib_init_lc_ctype_1                 0x08000163   Thumb Code     0  libinit2.o(.ARM.Collect$$libinit$$00000013)
    __rt_lib_init_lc_monetary_1              0x08000163   Thumb Code     0  libinit2.o(.ARM.Collect$$libinit$$00000015)
    __rt_lib_init_lc_numeric_1               0x08000163   Thumb Code     0  libinit2.o(.ARM.Collect$$libinit$$00000017)
    __rt_lib_init_lc_time_1                  0x08000163   Thumb Code     0  libinit2.o(.ARM.Collect$$libinit$$00000019)
    __rt_lib_init_preinit_1                  0x08000163   Thumb Code     0  libinit2.o(.ARM.Collect$$libinit$$00000004)
    __rt_lib_init_rand_1                     0x08000163   Thumb Code     0  libinit2.o(.ARM.Collect$$libinit$$0000000E)
    __rt_lib_init_return                     0x08000163   Thumb Code     0  libinit2.o(.ARM.Collect$$libinit$$00000033)
    __rt_lib_init_signal_1                   0x08000163   Thumb Code     0  libinit2.o(.ARM.Collect$$libinit$$0000001D)
    __rt_lib_init_stdio_1                    0x08000163   Thumb Code     0  libinit2.o(.ARM.Collect$$libinit$$00000025)
    __rt_lib_init_user_alloc_1               0x08000163   Thumb Code     0  libinit2.o(.ARM.Collect$$libinit$$0000000C)
    __rt_lib_shutdown                        0x08000165   Thumb Code     0  libshutdown.o(.ARM.Collect$$libshutdown$$00000000)
    __rt_lib_shutdown_cpp_1                  0x08000167   Thumb Code     0  libshutdown2.o(.ARM.Collect$$libshutdown$$00000004)
    __rt_lib_shutdown_fini_1                 0x08000167   Thumb Code     0  libshutdown2.o(.ARM.Collect$$libshutdown$$00000002)
    __rt_lib_shutdown_fp_trap_1              0x08000167   Thumb Code     0  libshutdown2.o(.ARM.Collect$$libshutdown$$00000009)
    __rt_lib_shutdown_heap_1                 0x08000167   Thumb Code     0  libshutdown2.o(.ARM.Collect$$libshutdown$$00000011)
    __rt_lib_shutdown_return                 0x08000167   Thumb Code     0  libshutdown2.o(.ARM.Collect$$libshutdown$$00000012)
    __rt_lib_shutdown_signal_1               0x08000167   Thumb Code     0  libshutdown2.o(.ARM.Collect$$libshutdown$$0000000C)
    __rt_lib_shutdown_stdio_1                0x08000167   Thumb Code     0  libshutdown2.o(.ARM.Collect$$libshutdown$$00000006)
    __rt_lib_shutdown_user_alloc_1           0x08000167   Thumb Code     0  libshutdown2.o(.ARM.Collect$$libshutdown$$0000000E)
    __rt_entry                               0x08000169   Thumb Code     0  __rtentry.o(.ARM.Collect$$rtentry$$00000000)
    __rt_entry_presh_1                       0x08000169   Thumb Code     0  __rtentry2.o(.ARM.Collect$$rtentry$$00000002)
    __rt_entry_sh                            0x08000169   Thumb Code     0  __rtentry4.o(.ARM.Collect$$rtentry$$00000004)
    __rt_entry_li                            0x0800016f   Thumb Code     0  __rtentry2.o(.ARM.Collect$$rtentry$$0000000A)
    __rt_entry_postsh_1                      0x0800016f   Thumb Code     0  __rtentry2.o(.ARM.Collect$$rtentry$$00000009)
    __rt_entry_main                          0x08000173   Thumb Code     0  __rtentry2.o(.ARM.Collect$$rtentry$$0000000D)
    __rt_entry_postli_1                      0x08000173   Thumb Code     0  __rtentry2.o(.ARM.Collect$$rtentry$$0000000C)
    __rt_exit                                0x0800017b   Thumb Code     0  rtexit.o(.ARM.Collect$$rtexit$$00000000)
    __rt_exit_ls                             0x0800017d   Thumb Code     0  rtexit2.o(.ARM.Collect$$rtexit$$00000003)
    __rt_exit_prels_1                        0x0800017d   Thumb Code     0  rtexit2.o(.ARM.Collect$$rtexit$$00000002)
    __rt_exit_exit                           0x08000181   Thumb Code     0  rtexit2.o(.ARM.Collect$$rtexit$$00000004)
    Reset_Handler                            0x08000189   Thumb Code     8  startup_stm32f103x6.o(.text)
    ADC1_2_IRQHandler                        0x080001a3   Thumb Code     0  startup_stm32f103x6.o(.text)
    CAN1_RX1_IRQHandler                      0x080001a3   Thumb Code     0  startup_stm32f103x6.o(.text)
    CAN1_SCE_IRQHandler                      0x080001a3   Thumb Code     0  startup_stm32f103x6.o(.text)
    DMA1_Channel1_IRQHandler                 0x080001a3   Thumb Code     0  startup_stm32f103x6.o(.text)
    DMA1_Channel2_IRQHandler                 0x080001a3   Thumb Code     0  startup_stm32f103x6.o(.text)
    DMA1_Channel3_IRQHandler                 0x080001a3   Thumb Code     0  startup_stm32f103x6.o(.text)
    DMA1_Channel4_IRQHandler                 0x080001a3   Thumb Code     0  startup_stm32f103x6.o(.text)
    DMA1_Channel5_IRQHandler                 0x080001a3   Thumb Code     0  startup_stm32f103x6.o(.text)
    DMA1_Channel6_IRQHandler                 0x080001a3   Thumb Code     0  startup_stm32f103x6.o(.text)
    DMA1_Channel7_IRQHandler                 0x080001a3   Thumb Code     0  startup_stm32f103x6.o(.text)
    EXTI0_IRQHandler                         0x080001a3   Thumb Code     0  startup_stm32f103x6.o(.text)
    EXTI1_IRQHandler                         0x080001a3   Thumb Code     0  startup_stm32f103x6.o(.text)
    EXTI2_IRQHandler                         0x080001a3   Thumb Code     0  startup_stm32f103x6.o(.text)
    EXTI3_IRQHandler                         0x080001a3   Thumb Code     0  startup_stm32f103x6.o(.text)
    EXTI4_IRQHandler                         0x080001a3   Thumb Code     0  startup_stm32f103x6.o(.text)
    EXTI9_5_IRQHandler                       0x080001a3   Thumb Code     0  startup_stm32f103x6.o(.text)
    FLASH_IRQHandler                         0x080001a3   Thumb Code     0  startup_stm32f103x6.o(.text)
    I2C1_ER_IRQHandler                       0x080001a3   Thumb Code     0  startup_stm32f103x6.o(.text)
    I2C1_EV_IRQHandler                       0x080001a3   Thumb Code     0  startup_stm32f103x6.o(.text)
    PVD_IRQHandler                           0x080001a3   Thumb Code     0  startup_stm32f103x6.o(.text)
    RCC_IRQHandler                           0x080001a3   Thumb Code     0  startup_stm32f103x6.o(.text)
    RTC_Alarm_IRQHandler                     0x080001a3   Thumb Code     0  startup_stm32f103x6.o(.text)
    RTC_IRQHandler                           0x080001a3   Thumb Code     0  startup_stm32f103x6.o(.text)
    SPI1_IRQHandler                          0x080001a3   Thumb Code     0  startup_stm32f103x6.o(.text)
    TAMPER_IRQHandler                        0x080001a3   Thumb Code     0  startup_stm32f103x6.o(.text)
    TIM1_BRK_IRQHandler                      0x080001a3   Thumb Code     0  startup_stm32f103x6.o(.text)
    TIM1_CC_IRQHandler                       0x080001a3   Thumb Code     0  startup_stm32f103x6.o(.text)
    TIM1_TRG_COM_IRQHandler                  0x080001a3   Thumb Code     0  startup_stm32f103x6.o(.text)
    TIM1_UP_IRQHandler                       0x080001a3   Thumb Code     0  startup_stm32f103x6.o(.text)
    TIM2_IRQHandler                          0x080001a3   Thumb Code     0  startup_stm32f103x6.o(.text)
    USART2_IRQHandler                        0x080001a3   Thumb Code     0  startup_stm32f103x6.o(.text)
    USBWakeUp_IRQHandler                     0x080001a3   Thumb Code     0  startup_stm32f103x6.o(.text)
    USB_HP_CAN1_TX_IRQHandler                0x080001a3   Thumb Code     0  startup_stm32f103x6.o(.text)
    USB_LP_CAN1_RX0_IRQHandler               0x080001a3   Thumb Code     0  startup_stm32f103x6.o(.text)
    WWDG_IRQHandler                          0x080001a3   Thumb Code     0  startup_stm32f103x6.o(.text)
    __user_initial_stackheap                 0x080001a5   Thumb Code     0  startup_stm32f103x6.o(.text)
    __aeabi_memclr4                          0x080001c9   Thumb Code     0  rt_memclr_w.o(.text)
    __aeabi_memclr8                          0x080001c9   Thumb Code     0  rt_memclr_w.o(.text)
    __rt_memclr_w                            0x080001c9   Thumb Code    78  rt_memclr_w.o(.text)
    _memset_w                                0x080001cd   Thumb Code     0  rt_memclr_w.o(.text)
    __use_two_region_memory                  0x08000217   Thumb Code     2  heapauxi.o(.text)
    __rt_heap_escrow$2region                 0x08000219   Thumb Code     2  heapauxi.o(.text)
    __rt_heap_expand$2region                 0x0800021b   Thumb Code     2  heapauxi.o(.text)
    __user_setup_stackheap                   0x0800021d   Thumb Code    74  sys_stackheap_outer.o(.text)
    exit                                     0x08000267   Thumb Code    18  exit.o(.text)
    __user_libspace                          0x08000279   Thumb Code     8  libspace.o(.text)
    __user_perproc_libspace                  0x08000279   Thumb Code     0  libspace.o(.text)
    __user_perthread_libspace                0x08000279   Thumb Code     0  libspace.o(.text)
    _sys_exit                                0x08000281   Thumb Code     8  sys_exit.o(.text)
    __I$use$semihosting                      0x0800028d   Thumb Code     0  use_no_semi.o(.text)
    __use_no_semihosting_swi                 0x0800028d   Thumb Code     2  use_no_semi.o(.text)
    BusFault_Handler                         0x0800028f   Thumb Code     2  stm32f1xx_it.o(i.BusFault_Handler)
    __semihosting_library_function           0x0800028f   Thumb Code     0  indicate_semi.o(.text)
    DebugMon_Handler                         0x08000291   Thumb Code     2  stm32f1xx_it.o(i.DebugMon_Handler)
    EXTI15_10_IRQHandler                     0x08000293   Thumb Code     8  stm32f1xx_it.o(i.EXTI15_10_IRQHandler)
    Error_Handler                            0x0800029b   Thumb Code     4  main.o(i.Error_Handler)
    HAL_DMA_Abort                            0x0800029f   Thumb Code    70  stm32f1xx_hal_dma.o(i.HAL_DMA_Abort)
    HAL_DMA_Abort_IT                         0x080002e5   Thumb Code   148  stm32f1xx_hal_dma.o(i.HAL_DMA_Abort_IT)
    HAL_GPIO_EXTI_Callback                   0x0800037d   Thumb Code    86  sr04.o(i.HAL_GPIO_EXTI_Callback)
    HAL_GPIO_EXTI_IRQHandler                 0x080003ed   Thumb Code    18  stm32f1xx_hal_gpio.o(i.HAL_GPIO_EXTI_IRQHandler)
    HAL_GPIO_Init                            0x08000405   Thumb Code   418  stm32f1xx_hal_gpio.o(i.HAL_GPIO_Init)
    HAL_GPIO_ReadPin                         0x080005c5   Thumb Code    10  stm32f1xx_hal_gpio.o(i.HAL_GPIO_ReadPin)
    HAL_GPIO_WritePin                        0x080005cf   Thumb Code    10  stm32f1xx_hal_gpio.o(i.HAL_GPIO_WritePin)
    HAL_GetTick                              0x080005d9   Thumb Code     6  stm32f1xx_hal.o(i.HAL_GetTick)
    HAL_IncTick                              0x080005e5   Thumb Code    12  stm32f1xx_hal.o(i.HAL_IncTick)
    HAL_Init                                 0x080005f5   Thumb Code    32  stm32f1xx_hal.o(i.HAL_Init)
    HAL_InitTick                             0x08000619   Thumb Code    54  stm32f1xx_hal.o(i.HAL_InitTick)
    HAL_MspInit                              0x08000659   Thumb Code    52  stm32f1xx_hal_msp.o(i.HAL_MspInit)
    HAL_NVIC_EnableIRQ                       0x08000695   Thumb Code    26  stm32f1xx_hal_cortex.o(i.HAL_NVIC_EnableIRQ)
    HAL_NVIC_SetPriority                     0x080006b1   Thumb Code    60  stm32f1xx_hal_cortex.o(i.HAL_NVIC_SetPriority)
    HAL_NVIC_SetPriorityGrouping             0x080006f1   Thumb Code    26  stm32f1xx_hal_cortex.o(i.HAL_NVIC_SetPriorityGrouping)
    HAL_RCC_ClockConfig                      0x08000715   Thumb Code   280  stm32f1xx_hal_rcc.o(i.HAL_RCC_ClockConfig)
    HAL_RCC_GetPCLK1Freq                     0x08000841   Thumb Code    20  stm32f1xx_hal_rcc.o(i.HAL_RCC_GetPCLK1Freq)
    HAL_RCC_GetPCLK2Freq                     0x08000861   Thumb Code    20  stm32f1xx_hal_rcc.o(i.HAL_RCC_GetPCLK2Freq)
    HAL_RCC_GetSysClockFreq                  0x08000881   Thumb Code    58  stm32f1xx_hal_rcc.o(i.HAL_RCC_GetSysClockFreq)
    HAL_RCC_OscConfig                        0x080008cd   Thumb Code   778  stm32f1xx_hal_rcc.o(i.HAL_RCC_OscConfig)
    HAL_SYSTICK_Config                       0x08000bed   Thumb Code    40  stm32f1xx_hal_cortex.o(i.HAL_SYSTICK_Config)
    HAL_TIMEx_BreakCallback                  0x08000c15   Thumb Code     2  stm32f1xx_hal_tim_ex.o(i.HAL_TIMEx_BreakCallback)
    HAL_TIMEx_CommutCallback                 0x08000c17   Thumb Code     2  stm32f1xx_hal_tim_ex.o(i.HAL_TIMEx_CommutCallback)
    HAL_TIMEx_MasterConfigSynchronization    0x08000c19   Thumb Code    86  stm32f1xx_hal_tim_ex.o(i.HAL_TIMEx_MasterConfigSynchronization)
    HAL_TIM_Base_Init                        0x08000c79   Thumb Code    90  stm32f1xx_hal_tim.o(i.HAL_TIM_Base_Init)
    HAL_TIM_Base_MspInit                     0x08000cd5   Thumb Code    30  tim.o(i.HAL_TIM_Base_MspInit)
    HAL_TIM_Base_Start                       0x08000cfd   Thumb Code    60  stm32f1xx_hal_tim.o(i.HAL_TIM_Base_Start)
    HAL_TIM_Base_Stop                        0x08000d41   Thumb Code    38  stm32f1xx_hal_tim.o(i.HAL_TIM_Base_Stop)
    HAL_TIM_ConfigClockSource                0x08000d67   Thumb Code   220  stm32f1xx_hal_tim.o(i.HAL_TIM_ConfigClockSource)
    HAL_TIM_IC_CaptureCallback               0x08000e43   Thumb Code     2  stm32f1xx_hal_tim.o(i.HAL_TIM_IC_CaptureCallback)
    HAL_TIM_IRQHandler                       0x08000e45   Thumb Code   304  stm32f1xx_hal_tim.o(i.HAL_TIM_IRQHandler)
    HAL_TIM_MspPostInit                      0x08000f75   Thumb Code   100  tim.o(i.HAL_TIM_MspPostInit)
    HAL_TIM_OC_DelayElapsedCallback          0x08000fe9   Thumb Code     2  stm32f1xx_hal_tim.o(i.HAL_TIM_OC_DelayElapsedCallback)
    HAL_TIM_PWM_ConfigChannel                0x08000feb   Thumb Code   204  stm32f1xx_hal_tim.o(i.HAL_TIM_PWM_ConfigChannel)
    HAL_TIM_PWM_Init                         0x080010b7   Thumb Code    90  stm32f1xx_hal_tim.o(i.HAL_TIM_PWM_Init)
    HAL_TIM_PWM_MspInit                      0x08001111   Thumb Code    72  tim.o(i.HAL_TIM_PWM_MspInit)
    HAL_TIM_PWM_PulseFinishedCallback        0x08001161   Thumb Code     2  stm32f1xx_hal_tim.o(i.HAL_TIM_PWM_PulseFinishedCallback)
    HAL_TIM_PWM_Start                        0x08001165   Thumb Code   138  stm32f1xx_hal_tim.o(i.HAL_TIM_PWM_Start)
    HAL_TIM_PeriodElapsedCallback            0x080011f9   Thumb Code     2  stm32f1xx_hal_tim.o(i.HAL_TIM_PeriodElapsedCallback)
    HAL_TIM_TriggerCallback                  0x080011fb   Thumb Code     2  stm32f1xx_hal_tim.o(i.HAL_TIM_TriggerCallback)
    HAL_UARTEx_RxEventCallback               0x080011fd   Thumb Code     2  stm32f1xx_hal_uart.o(i.HAL_UARTEx_RxEventCallback)
    HAL_UART_ErrorCallback                   0x080011ff   Thumb Code     2  stm32f1xx_hal_uart.o(i.HAL_UART_ErrorCallback)
    HAL_UART_IRQHandler                      0x08001201   Thumb Code   616  stm32f1xx_hal_uart.o(i.HAL_UART_IRQHandler)
    HAL_UART_Init                            0x0800146d   Thumb Code   100  stm32f1xx_hal_uart.o(i.HAL_UART_Init)
    HAL_UART_MspInit                         0x080014d1   Thumb Code   116  usart.o(i.HAL_UART_MspInit)
    HAL_UART_Receive_IT                      0x08001551   Thumb Code    28  stm32f1xx_hal_uart.o(i.HAL_UART_Receive_IT)
    HAL_UART_RxCpltCallback                  0x0800156d   Thumb Code     2  stm32f1xx_hal_uart.o(i.HAL_UART_RxCpltCallback)
    HAL_UART_TxCpltCallback                  0x0800156f   Thumb Code     2  stm32f1xx_hal_uart.o(i.HAL_UART_TxCpltCallback)
    HardFault_Handler                        0x08001571   Thumb Code     2  stm32f1xx_it.o(i.HardFault_Handler)
    MX_GPIO_Init                             0x08001575   Thumb Code   206  gpio.o(i.MX_GPIO_Init)
    MX_TIM1_Init                             0x08001655   Thumb Code    96  tim.o(i.MX_TIM1_Init)
    MX_TIM2_Init                             0x080016bd   Thumb Code   104  tim.o(i.MX_TIM2_Init)
    MX_TIM3_Init                             0x08001729   Thumb Code   104  tim.o(i.MX_TIM3_Init)
    MX_USART1_UART_Init                      0x08001799   Thumb Code    48  usart.o(i.MX_USART1_UART_Init)
    MemManage_Handler                        0x080017d1   Thumb Code     2  stm32f1xx_it.o(i.MemManage_Handler)
    NMI_Handler                              0x080017d3   Thumb Code     2  stm32f1xx_it.o(i.NMI_Handler)
    PendSV_Handler                           0x080017d5   Thumb Code     2  stm32f1xx_it.o(i.PendSV_Handler)
    SVC_Handler                              0x080017d7   Thumb Code     2  stm32f1xx_it.o(i.SVC_Handler)
    SysTick_Handler                          0x080017d9   Thumb Code     4  stm32f1xx_it.o(i.SysTick_Handler)
    SystemClock_Config                       0x080017dd   Thumb Code    94  main.o(i.SystemClock_Config)
    SystemInit                               0x0800183b   Thumb Code     2  system_stm32f1xx.o(i.SystemInit)
    TIM3_IRQHandler                          0x0800183d   Thumb Code     6  stm32f1xx_it.o(i.TIM3_IRQHandler)
    TIM_Base_SetConfig                       0x08001849   Thumb Code    98  stm32f1xx_hal_tim.o(i.TIM_Base_SetConfig)
    TIM_CCxChannelCmd                        0x080018b5   Thumb Code    26  stm32f1xx_hal_tim.o(i.TIM_CCxChannelCmd)
    TIM_ETR_SetConfig                        0x080018cf   Thumb Code    20  stm32f1xx_hal_tim.o(i.TIM_ETR_SetConfig)
    TIM_OC2_SetConfig                        0x08001945   Thumb Code    84  stm32f1xx_hal_tim.o(i.TIM_OC2_SetConfig)
    UART_Start_Receive_IT                    0x08001c59   Thumb Code    54  stm32f1xx_hal_uart.o(i.UART_Start_Receive_IT)
    USART1_IRQHandler                        0x08001c91   Thumb Code   146  stm32f1xx_it.o(i.USART1_IRQHandler)
    UsageFault_Handler                       0x08001d35   Thumb Code     2  stm32f1xx_it.o(i.UsageFault_Handler)
    car_goahead                              0x08001d59   Thumb Code    20  user_car.o(i.car_goahead)
    car_goback                               0x08001d71   Thumb Code    28  user_car.o(i.car_goback)
    car_goleft                               0x08001d91   Thumb Code    20  user_car.o(i.car_goleft)
    car_goright                              0x08001da9   Thumb Code    20  user_car.o(i.car_goright)
    car_gostop                               0x08001dc1   Thumb Code    18  user_car.o(i.car_gostop)
    main                                     0x08001dd5   Thumb Code    56  main.o(i.main)
    motor_setleftspeed                       0x08001e1d   Thumb Code    40  user_motor.o(i.motor_setleftspeed)
    motor_setrightspeed                      0x08001e4d   Thumb Code    64  user_motor.o(i.motor_setrightspeed)
    self_left                                0x08001e95   Thumb Code    24  user_car.o(i.self_left)
    self_right                               0x08001eb1   Thumb Code    24  user_car.o(i.self_right)
    servo_setangle                           0x08001ecd   Thumb Code    32  user_servo.o(i.servo_setangle)
    __aeabi_d2f                              0x08001efd   Thumb Code     0  d2f.o(x$fpl$d2f)
    _d2f                                     0x08001efd   Thumb Code    98  d2f.o(x$fpl$d2f)
    __fpl_dcheck_NaN1                        0x08001f61   Thumb Code    10  dcheck1.o(x$fpl$dcheck1)
    __aeabi_ddiv                             0x08001f71   Thumb Code     0  ddiv.o(x$fpl$ddiv)
    _ddiv                                    0x08001f71   Thumb Code   552  ddiv.o(x$fpl$ddiv)
    __aeabi_ui2d                             0x08002221   Thumb Code     0  dflt_clz.o(x$fpl$dfltu)
    _dfltu                                   0x08002221   Thumb Code    38  dflt_clz.o(x$fpl$dfltu)
    __aeabi_dmul                             0x08002249   Thumb Code     0  dmul.o(x$fpl$dmul)
    _dmul                                    0x08002249   Thumb Code   332  dmul.o(x$fpl$dmul)
    __fpl_dnaninf                            0x0800239d   Thumb Code   156  dnaninf.o(x$fpl$dnaninf)
    __fpl_dretinf                            0x08002439   Thumb Code    12  dretinf.o(x$fpl$dretinf)
    __aeabi_fadd                             0x08002445   Thumb Code     0  faddsub_clz.o(x$fpl$fadd)
    _fadd                                    0x08002445   Thumb Code   196  faddsub_clz.o(x$fpl$fadd)
    __aeabi_fdiv                             0x08002509   Thumb Code     0  fdiv.o(x$fpl$fdiv)
    _fdiv                                    0x08002509   Thumb Code   384  fdiv.o(x$fpl$fdiv)
    __aeabi_f2uiz                            0x0800268d   Thumb Code     0  ffixu.o(x$fpl$ffixu)
    _ffixu                                   0x0800268d   Thumb Code    62  ffixu.o(x$fpl$ffixu)
    __aeabi_fmul                             0x080026cd   Thumb Code     0  fmul.o(x$fpl$fmul)
    _fmul                                    0x080026cd   Thumb Code   258  fmul.o(x$fpl$fmul)
    __fpl_fnaninf                            0x080027cf   Thumb Code   140  fnaninf.o(x$fpl$fnaninf)
    __fpl_fretinf                            0x0800285b   Thumb Code    10  fretinf.o(x$fpl$fretinf)
    __aeabi_fsub                             0x08002865   Thumb Code     0  faddsub_clz.o(x$fpl$fsub)
    _fsub                                    0x08002865   Thumb Code   234  faddsub_clz.o(x$fpl$fsub)
    __fpl_return_NaN                         0x0800294f   Thumb Code   100  retnan.o(x$fpl$retnan)
    __ARM_scalbn                             0x080029b3   Thumb Code    92  scalbn.o(x$fpl$scalbn)
    __fpl_cmpreturn                          0x08002a0f   Thumb Code    48  trapv.o(x$fpl$trapveneer)
    __I$use$fp                               0x08002a3e   Number         0  usenofp.o(x$fpl$usenofp)
    AHBPrescTable                            0x08002a50   Data          16  system_stm32f1xx.o(.constdata)
    APBPrescTable                            0x08002a60   Data           8  system_stm32f1xx.o(.constdata)
    Region$$Table$$Base                      0x08002a68   Number         0  anon$$obj.o(Region$$Table)
    Region$$Table$$Limit                     0x08002a88   Number         0  anon$$obj.o(Region$$Table)
    selfdefine_speed                         0x20000000   Data           1  user_car.o(.data)
    count                                    0x20000004   Data           2  sr04.o(.data)
    distance                                 0x20000008   Data           4  sr04.o(.data)
    buluetooth_data                          0x2000000c   Data           1  stm32f1xx_it.o(.data)
    rx_buf                                   0x2000000d   Data           2  stm32f1xx_it.o(.data)
    uwTickFreq                               0x20000010   Data           1  stm32f1xx_hal.o(.data)
    uwTickPrio                               0x20000014   Data           4  stm32f1xx_hal.o(.data)
    uwTick                                   0x20000018   Data           4  stm32f1xx_hal.o(.data)
    SystemCoreClock                          0x2000001c   Data           4  system_stm32f1xx.o(.data)
    htim1                                    0x20000020   Data          72  tim.o(.bss)
    htim2                                    0x20000068   Data          72  tim.o(.bss)
    htim3                                    0x200000b0   Data          72  tim.o(.bss)
    huart1                                   0x200000f8   Data          72  usart.o(.bss)
    __libspace_start                         0x20000140   Data          96  libspace.o(.bss)
    __temporary_stack_top$libspace           0x200001a0   Data           0  libspace.o(.bss)



==============================================================================

Memory Map of the image

  Image Entry point : 0x080000ed

  Load Region LR_IROM1 (Base: 0x08000000, Size: 0x00002aa8, Max: 0x00008000, ABSOLUTE)

    Execution Region ER_IROM1 (Exec base: 0x08000000, Load base: 0x08000000, Size: 0x00002a88, Max: 0x00008000, ABSOLUTE)

    Exec Addr    Load Addr    Size         Type   Attr      Idx    E Section Name        Object

    0x08000000   0x08000000   0x000000ec   Data   RO            3    RESET               startup_stm32f103x6.o
    0x080000ec   0x080000ec   0x00000008   Code   RO         3127  * !!!main             c_w.l(__main.o)
    0x080000f4   0x080000f4   0x00000034   Code   RO         3333    !!!scatter          c_w.l(__scatter.o)
    0x08000128   0x08000128   0x0000001a   Code   RO         3335    !!handler_copy      c_w.l(__scatter_copy.o)
    0x08000142   0x08000142   0x00000002   PAD
    0x08000144   0x08000144   0x0000001c   Code   RO         3337    !!handler_zi        c_w.l(__scatter_zi.o)
    0x08000160   0x08000160   0x00000002   Code   RO         3199    .ARM.Collect$$libinit$$00000000  c_w.l(libinit.o)
    0x08000162   0x08000162   0x00000000   Code   RO         3208    .ARM.Collect$$libinit$$00000002  c_w.l(libinit2.o)
    0x08000162   0x08000162   0x00000000   Code   RO         3210    .ARM.Collect$$libinit$$00000004  c_w.l(libinit2.o)
    0x08000162   0x08000162   0x00000000   Code   RO         3213    .ARM.Collect$$libinit$$0000000A  c_w.l(libinit2.o)
    0x08000162   0x08000162   0x00000000   Code   RO         3215    .ARM.Collect$$libinit$$0000000C  c_w.l(libinit2.o)
    0x08000162   0x08000162   0x00000000   Code   RO         3217    .ARM.Collect$$libinit$$0000000E  c_w.l(libinit2.o)
    0x08000162   0x08000162   0x00000000   Code   RO         3220    .ARM.Collect$$libinit$$00000011  c_w.l(libinit2.o)
    0x08000162   0x08000162   0x00000000   Code   RO         3222    .ARM.Collect$$libinit$$00000013  c_w.l(libinit2.o)
    0x08000162   0x08000162   0x00000000   Code   RO         3224    .ARM.Collect$$libinit$$00000015  c_w.l(libinit2.o)
    0x08000162   0x08000162   0x00000000   Code   RO         3226    .ARM.Collect$$libinit$$00000017  c_w.l(libinit2.o)
    0x08000162   0x08000162   0x00000000   Code   RO         3228    .ARM.Collect$$libinit$$00000019  c_w.l(libinit2.o)
    0x08000162   0x08000162   0x00000000   Code   RO         3230    .ARM.Collect$$libinit$$0000001B  c_w.l(libinit2.o)
    0x08000162   0x08000162   0x00000000   Code   RO         3232    .ARM.Collect$$libinit$$0000001D  c_w.l(libinit2.o)
    0x08000162   0x08000162   0x00000000   Code   RO         3234    .ARM.Collect$$libinit$$0000001F  c_w.l(libinit2.o)
    0x08000162   0x08000162   0x00000000   Code   RO         3236    .ARM.Collect$$libinit$$00000021  c_w.l(libinit2.o)
    0x08000162   0x08000162   0x00000000   Code   RO         3238    .ARM.Collect$$libinit$$00000023  c_w.l(libinit2.o)
    0x08000162   0x08000162   0x00000000   Code   RO         3240    .ARM.Collect$$libinit$$00000025  c_w.l(libinit2.o)
    0x08000162   0x08000162   0x00000000   Code   RO         3244    .ARM.Collect$$libinit$$0000002C  c_w.l(libinit2.o)
    0x08000162   0x08000162   0x00000000   Code   RO         3246    .ARM.Collect$$libinit$$0000002E  c_w.l(libinit2.o)
    0x08000162   0x08000162   0x00000000   Code   RO         3248    .ARM.Collect$$libinit$$00000030  c_w.l(libinit2.o)
    0x08000162   0x08000162   0x00000000   Code   RO         3250    .ARM.Collect$$libinit$$00000032  c_w.l(libinit2.o)
    0x08000162   0x08000162   0x00000002   Code   RO         3251    .ARM.Collect$$libinit$$00000033  c_w.l(libinit2.o)
    0x08000164   0x08000164   0x00000002   Code   RO         3271    .ARM.Collect$$libshutdown$$00000000  c_w.l(libshutdown.o)
    0x08000166   0x08000166   0x00000000   Code   RO         3284    .ARM.Collect$$libshutdown$$00000002  c_w.l(libshutdown2.o)
    0x08000166   0x08000166   0x00000000   Code   RO         3286    .ARM.Collect$$libshutdown$$00000004  c_w.l(libshutdown2.o)
    0x08000166   0x08000166   0x00000000   Code   RO         3288    .ARM.Collect$$libshutdown$$00000006  c_w.l(libshutdown2.o)
    0x08000166   0x08000166   0x00000000   Code   RO         3291    .ARM.Collect$$libshutdown$$00000009  c_w.l(libshutdown2.o)
    0x08000166   0x08000166   0x00000000   Code   RO         3294    .ARM.Collect$$libshutdown$$0000000C  c_w.l(libshutdown2.o)
    0x08000166   0x08000166   0x00000000   Code   RO         3296    .ARM.Collect$$libshutdown$$0000000E  c_w.l(libshutdown2.o)
    0x08000166   0x08000166   0x00000000   Code   RO         3299    .ARM.Collect$$libshutdown$$00000011  c_w.l(libshutdown2.o)
    0x08000166   0x08000166   0x00000002   Code   RO         3300    .ARM.Collect$$libshutdown$$00000012  c_w.l(libshutdown2.o)
    0x08000168   0x08000168   0x00000000   Code   RO         3161    .ARM.Collect$$rtentry$$00000000  c_w.l(__rtentry.o)
    0x08000168   0x08000168   0x00000000   Code   RO         3174    .ARM.Collect$$rtentry$$00000002  c_w.l(__rtentry2.o)
    0x08000168   0x08000168   0x00000006   Code   RO         3186    .ARM.Collect$$rtentry$$00000004  c_w.l(__rtentry4.o)
    0x0800016e   0x0800016e   0x00000000   Code   RO         3176    .ARM.Collect$$rtentry$$00000009  c_w.l(__rtentry2.o)
    0x0800016e   0x0800016e   0x00000004   Code   RO         3177    .ARM.Collect$$rtentry$$0000000A  c_w.l(__rtentry2.o)
    0x08000172   0x08000172   0x00000000   Code   RO         3179    .ARM.Collect$$rtentry$$0000000C  c_w.l(__rtentry2.o)
    0x08000172   0x08000172   0x00000008   Code   RO         3180    .ARM.Collect$$rtentry$$0000000D  c_w.l(__rtentry2.o)
    0x0800017a   0x0800017a   0x00000002   Code   RO         3205    .ARM.Collect$$rtexit$$00000000  c_w.l(rtexit.o)
    0x0800017c   0x0800017c   0x00000000   Code   RO         3253    .ARM.Collect$$rtexit$$00000002  c_w.l(rtexit2.o)
    0x0800017c   0x0800017c   0x00000004   Code   RO         3254    .ARM.Collect$$rtexit$$00000003  c_w.l(rtexit2.o)
    0x08000180   0x08000180   0x00000006   Code   RO         3255    .ARM.Collect$$rtexit$$00000004  c_w.l(rtexit2.o)
    0x08000186   0x08000186   0x00000002   PAD
    0x08000188   0x08000188   0x00000040   Code   RO            4    .text               startup_stm32f103x6.o
    0x080001c8   0x080001c8   0x0000004e   Code   RO         3123    .text               c_w.l(rt_memclr_w.o)
    0x08000216   0x08000216   0x00000006   Code   RO         3125    .text               c_w.l(heapauxi.o)
    0x0800021c   0x0800021c   0x0000004a   Code   RO         3190    .text               c_w.l(sys_stackheap_outer.o)
    0x08000266   0x08000266   0x00000012   Code   RO         3192    .text               c_w.l(exit.o)
    0x08000278   0x08000278   0x00000008   Code   RO         3202    .text               c_w.l(libspace.o)
    0x08000280   0x08000280   0x0000000c   Code   RO         3263    .text               c_w.l(sys_exit.o)
    0x0800028c   0x0800028c   0x00000002   Code   RO         3274    .text               c_w.l(use_no_semi.o)
    0x0800028e   0x0800028e   0x00000000   Code   RO         3276    .text               c_w.l(indicate_semi.o)
    0x0800028e   0x0800028e   0x00000002   Code   RO          624    i.BusFault_Handler  stm32f1xx_it.o
    0x08000290   0x08000290   0x00000002   Code   RO          625    i.DebugMon_Handler  stm32f1xx_it.o
    0x08000292   0x08000292   0x00000008   Code   RO          626    i.EXTI15_10_IRQHandler  stm32f1xx_it.o
    0x0800029a   0x0800029a   0x00000004   Code   RO          427    i.Error_Handler     main.o
    0x0800029e   0x0800029e   0x00000046   Code   RO         2135    i.HAL_DMA_Abort     stm32f1xx_hal_dma.o
    0x080002e4   0x080002e4   0x00000098   Code   RO         2136    i.HAL_DMA_Abort_IT  stm32f1xx_hal_dma.o
    0x0800037c   0x0800037c   0x00000070   Code   RO          253    i.HAL_GPIO_EXTI_Callback  sr04.o
    0x080003ec   0x080003ec   0x00000018   Code   RO         2070    i.HAL_GPIO_EXTI_IRQHandler  stm32f1xx_hal_gpio.o
    0x08000404   0x08000404   0x000001c0   Code   RO         2071    i.HAL_GPIO_Init     stm32f1xx_hal_gpio.o
    0x080005c4   0x080005c4   0x0000000a   Code   RO         2073    i.HAL_GPIO_ReadPin  stm32f1xx_hal_gpio.o
    0x080005ce   0x080005ce   0x0000000a   Code   RO         2075    i.HAL_GPIO_WritePin  stm32f1xx_hal_gpio.o
    0x080005d8   0x080005d8   0x0000000c   Code   RO         1765    i.HAL_GetTick       stm32f1xx_hal.o
    0x080005e4   0x080005e4   0x00000010   Code   RO         1771    i.HAL_IncTick       stm32f1xx_hal.o
    0x080005f4   0x080005f4   0x00000024   Code   RO         1772    i.HAL_Init          stm32f1xx_hal.o
    0x08000618   0x08000618   0x00000040   Code   RO         1773    i.HAL_InitTick      stm32f1xx_hal.o
    0x08000658   0x08000658   0x0000003c   Code   RO          721    i.HAL_MspInit       stm32f1xx_hal_msp.o
    0x08000694   0x08000694   0x0000001a   Code   RO         2231    i.HAL_NVIC_EnableIRQ  stm32f1xx_hal_cortex.o
    0x080006ae   0x080006ae   0x00000002   PAD
    0x080006b0   0x080006b0   0x00000040   Code   RO         2237    i.HAL_NVIC_SetPriority  stm32f1xx_hal_cortex.o
    0x080006f0   0x080006f0   0x00000024   Code   RO         2238    i.HAL_NVIC_SetPriorityGrouping  stm32f1xx_hal_cortex.o
    0x08000714   0x08000714   0x0000012c   Code   RO         1929    i.HAL_RCC_ClockConfig  stm32f1xx_hal_rcc.o
    0x08000840   0x08000840   0x00000020   Code   RO         1936    i.HAL_RCC_GetPCLK1Freq  stm32f1xx_hal_rcc.o
    0x08000860   0x08000860   0x00000020   Code   RO         1937    i.HAL_RCC_GetPCLK2Freq  stm32f1xx_hal_rcc.o
    0x08000880   0x08000880   0x0000004c   Code   RO         1938    i.HAL_RCC_GetSysClockFreq  stm32f1xx_hal_rcc.o
    0x080008cc   0x080008cc   0x00000320   Code   RO         1941    i.HAL_RCC_OscConfig  stm32f1xx_hal_rcc.o
    0x08000bec   0x08000bec   0x00000028   Code   RO         2242    i.HAL_SYSTICK_Config  stm32f1xx_hal_cortex.o
    0x08000c14   0x08000c14   0x00000002   Code   RO         1487    i.HAL_TIMEx_BreakCallback  stm32f1xx_hal_tim_ex.o
    0x08000c16   0x08000c16   0x00000002   Code   RO         1488    i.HAL_TIMEx_CommutCallback  stm32f1xx_hal_tim_ex.o
    0x08000c18   0x08000c18   0x00000060   Code   RO         1506    i.HAL_TIMEx_MasterConfigSynchronization  stm32f1xx_hal_tim_ex.o
    0x08000c78   0x08000c78   0x0000005a   Code   RO          783    i.HAL_TIM_Base_Init  stm32f1xx_hal_tim.o
    0x08000cd2   0x08000cd2   0x00000002   PAD
    0x08000cd4   0x08000cd4   0x00000028   Code   RO          508    i.HAL_TIM_Base_MspInit  tim.o
    0x08000cfc   0x08000cfc   0x00000044   Code   RO          786    i.HAL_TIM_Base_Start  stm32f1xx_hal_tim.o
    0x08000d40   0x08000d40   0x00000026   Code   RO          789    i.HAL_TIM_Base_Stop  stm32f1xx_hal_tim.o
    0x08000d66   0x08000d66   0x000000dc   Code   RO          792    i.HAL_TIM_ConfigClockSource  stm32f1xx_hal_tim.o
    0x08000e42   0x08000e42   0x00000002   Code   RO          817    i.HAL_TIM_IC_CaptureCallback  stm32f1xx_hal_tim.o
    0x08000e44   0x08000e44   0x00000130   Code   RO          831    i.HAL_TIM_IRQHandler  stm32f1xx_hal_tim.o
    0x08000f74   0x08000f74   0x00000074   Code   RO          509    i.HAL_TIM_MspPostInit  tim.o
    0x08000fe8   0x08000fe8   0x00000002   Code   RO          834    i.HAL_TIM_OC_DelayElapsedCallback  stm32f1xx_hal_tim.o
    0x08000fea   0x08000fea   0x000000cc   Code   RO          855    i.HAL_TIM_PWM_ConfigChannel  stm32f1xx_hal_tim.o
    0x080010b6   0x080010b6   0x0000005a   Code   RO          858    i.HAL_TIM_PWM_Init  stm32f1xx_hal_tim.o
    0x08001110   0x08001110   0x00000050   Code   RO          511    i.HAL_TIM_PWM_MspInit  tim.o
    0x08001160   0x08001160   0x00000002   Code   RO          861    i.HAL_TIM_PWM_PulseFinishedCallback  stm32f1xx_hal_tim.o
    0x08001162   0x08001162   0x00000002   PAD
    0x08001164   0x08001164   0x00000094   Code   RO          863    i.HAL_TIM_PWM_Start  stm32f1xx_hal_tim.o
    0x080011f8   0x080011f8   0x00000002   Code   RO          869    i.HAL_TIM_PeriodElapsedCallback  stm32f1xx_hal_tim.o
    0x080011fa   0x080011fa   0x00000002   Code   RO          874    i.HAL_TIM_TriggerCallback  stm32f1xx_hal_tim.o
    0x080011fc   0x080011fc   0x00000002   Code   RO         2733    i.HAL_UARTEx_RxEventCallback  stm32f1xx_hal_uart.o
    0x080011fe   0x080011fe   0x00000002   Code   RO         2747    i.HAL_UART_ErrorCallback  stm32f1xx_hal_uart.o
    0x08001200   0x08001200   0x0000026c   Code   RO         2750    i.HAL_UART_IRQHandler  stm32f1xx_hal_uart.o
    0x0800146c   0x0800146c   0x00000064   Code   RO         2751    i.HAL_UART_Init     stm32f1xx_hal_uart.o
    0x080014d0   0x080014d0   0x00000080   Code   RO          583    i.HAL_UART_MspInit  usart.o
    0x08001550   0x08001550   0x0000001c   Code   RO         2756    i.HAL_UART_Receive_IT  stm32f1xx_hal_uart.o
    0x0800156c   0x0800156c   0x00000002   Code   RO         2757    i.HAL_UART_RxCpltCallback  stm32f1xx_hal_uart.o
    0x0800156e   0x0800156e   0x00000002   Code   RO         2762    i.HAL_UART_TxCpltCallback  stm32f1xx_hal_uart.o
    0x08001570   0x08001570   0x00000002   Code   RO          627    i.HardFault_Handler  stm32f1xx_it.o
    0x08001572   0x08001572   0x00000002   PAD
    0x08001574   0x08001574   0x000000e0   Code   RO          483    i.MX_GPIO_Init      gpio.o
    0x08001654   0x08001654   0x00000068   Code   RO          512    i.MX_TIM1_Init      tim.o
    0x080016bc   0x080016bc   0x0000006c   Code   RO          513    i.MX_TIM2_Init      tim.o
    0x08001728   0x08001728   0x00000070   Code   RO          514    i.MX_TIM3_Init      tim.o
    0x08001798   0x08001798   0x00000038   Code   RO          584    i.MX_USART1_UART_Init  usart.o
    0x080017d0   0x080017d0   0x00000002   Code   RO          628    i.MemManage_Handler  stm32f1xx_it.o
    0x080017d2   0x080017d2   0x00000002   Code   RO          629    i.NMI_Handler       stm32f1xx_it.o
    0x080017d4   0x080017d4   0x00000002   Code   RO          630    i.PendSV_Handler    stm32f1xx_it.o
    0x080017d6   0x080017d6   0x00000002   Code   RO          631    i.SVC_Handler       stm32f1xx_it.o
    0x080017d8   0x080017d8   0x00000004   Code   RO          632    i.SysTick_Handler   stm32f1xx_it.o
    0x080017dc   0x080017dc   0x0000005e   Code   RO          428    i.SystemClock_Config  main.o
    0x0800183a   0x0800183a   0x00000002   Code   RO         3085    i.SystemInit        system_stm32f1xx.o
    0x0800183c   0x0800183c   0x0000000c   Code   RO          633    i.TIM3_IRQHandler   stm32f1xx_it.o
    0x08001848   0x08001848   0x0000006c   Code   RO          876    i.TIM_Base_SetConfig  stm32f1xx_hal_tim.o
    0x080018b4   0x080018b4   0x0000001a   Code   RO          877    i.TIM_CCxChannelCmd  stm32f1xx_hal_tim.o
    0x080018ce   0x080018ce   0x00000014   Code   RO          887    i.TIM_ETR_SetConfig  stm32f1xx_hal_tim.o
    0x080018e2   0x080018e2   0x00000010   Code   RO          888    i.TIM_ITRx_SetConfig  stm32f1xx_hal_tim.o
    0x080018f2   0x080018f2   0x00000002   PAD
    0x080018f4   0x080018f4   0x00000050   Code   RO          889    i.TIM_OC1_SetConfig  stm32f1xx_hal_tim.o
    0x08001944   0x08001944   0x00000058   Code   RO          890    i.TIM_OC2_SetConfig  stm32f1xx_hal_tim.o
    0x0800199c   0x0800199c   0x00000058   Code   RO          891    i.TIM_OC3_SetConfig  stm32f1xx_hal_tim.o
    0x080019f4   0x080019f4   0x00000044   Code   RO          892    i.TIM_OC4_SetConfig  stm32f1xx_hal_tim.o
    0x08001a38   0x08001a38   0x00000022   Code   RO          894    i.TIM_TI1_ConfigInputStage  stm32f1xx_hal_tim.o
    0x08001a5a   0x08001a5a   0x00000024   Code   RO          896    i.TIM_TI2_ConfigInputStage  stm32f1xx_hal_tim.o
    0x08001a7e   0x08001a7e   0x00000010   Code   RO         2764    i.UART_DMAAbortOnError  stm32f1xx_hal_uart.o
    0x08001a8e   0x08001a8e   0x0000004e   Code   RO         2774    i.UART_EndRxTransfer  stm32f1xx_hal_uart.o
    0x08001adc   0x08001adc   0x000000c2   Code   RO         2776    i.UART_Receive_IT   stm32f1xx_hal_uart.o
    0x08001b9e   0x08001b9e   0x00000002   PAD
    0x08001ba0   0x08001ba0   0x000000b8   Code   RO         2777    i.UART_SetConfig    stm32f1xx_hal_uart.o
    0x08001c58   0x08001c58   0x00000036   Code   RO         2779    i.UART_Start_Receive_IT  stm32f1xx_hal_uart.o
    0x08001c8e   0x08001c8e   0x00000002   PAD
    0x08001c90   0x08001c90   0x000000a4   Code   RO          634    i.USART1_IRQHandler  stm32f1xx_it.o
    0x08001d34   0x08001d34   0x00000002   Code   RO          635    i.UsageFault_Handler  stm32f1xx_it.o
    0x08001d36   0x08001d36   0x00000020   Code   RO         2244    i.__NVIC_SetPriority  stm32f1xx_hal_cortex.o
    0x08001d56   0x08001d56   0x00000002   PAD
    0x08001d58   0x08001d58   0x00000018   Code   RO           13    i.car_goahead       user_car.o
    0x08001d70   0x08001d70   0x00000020   Code   RO           14    i.car_goback        user_car.o
    0x08001d90   0x08001d90   0x00000018   Code   RO           15    i.car_goleft        user_car.o
    0x08001da8   0x08001da8   0x00000018   Code   RO           16    i.car_goright       user_car.o
    0x08001dc0   0x08001dc0   0x00000012   Code   RO           17    i.car_gostop        user_car.o
    0x08001dd2   0x08001dd2   0x00000002   PAD
    0x08001dd4   0x08001dd4   0x00000048   Code   RO          429    i.main              main.o
    0x08001e1c   0x08001e1c   0x00000030   Code   RO          173    i.motor_setleftspeed  user_motor.o
    0x08001e4c   0x08001e4c   0x00000048   Code   RO          174    i.motor_setrightspeed  user_motor.o
    0x08001e94   0x08001e94   0x0000001c   Code   RO           18    i.self_left         user_car.o
    0x08001eb0   0x08001eb0   0x0000001c   Code   RO           19    i.self_right        user_car.o
    0x08001ecc   0x08001ecc   0x00000030   Code   RO          225    i.servo_setangle    user_servo.o
    0x08001efc   0x08001efc   0x00000062   Code   RO         3129    x$fpl$d2f           fz_ws.l(d2f.o)
    0x08001f5e   0x08001f5e   0x00000002   PAD
    0x08001f60   0x08001f60   0x00000010   Code   RO         3162    x$fpl$dcheck1       fz_ws.l(dcheck1.o)
    0x08001f70   0x08001f70   0x000002b0   Code   RO         3132    x$fpl$ddiv          fz_ws.l(ddiv.o)
    0x08002220   0x08002220   0x00000026   Code   RO         3135    x$fpl$dfltu         fz_ws.l(dflt_clz.o)
    0x08002246   0x08002246   0x00000002   PAD
    0x08002248   0x08002248   0x00000154   Code   RO         3141    x$fpl$dmul          fz_ws.l(dmul.o)
    0x0800239c   0x0800239c   0x0000009c   Code   RO         3164    x$fpl$dnaninf       fz_ws.l(dnaninf.o)
    0x08002438   0x08002438   0x0000000c   Code   RO         3166    x$fpl$dretinf       fz_ws.l(dretinf.o)
    0x08002444   0x08002444   0x000000c4   Code   RO         3143    x$fpl$fadd          fz_ws.l(faddsub_clz.o)
    0x08002508   0x08002508   0x00000184   Code   RO         3150    x$fpl$fdiv          fz_ws.l(fdiv.o)
    0x0800268c   0x0800268c   0x0000003e   Code   RO         3153    x$fpl$ffixu         fz_ws.l(ffixu.o)
    0x080026ca   0x080026ca   0x00000002   PAD
    0x080026cc   0x080026cc   0x00000102   Code   RO         3157    x$fpl$fmul          fz_ws.l(fmul.o)
    0x080027ce   0x080027ce   0x0000008c   Code   RO         3168    x$fpl$fnaninf       fz_ws.l(fnaninf.o)
    0x0800285a   0x0800285a   0x0000000a   Code   RO         3170    x$fpl$fretinf       fz_ws.l(fretinf.o)
    0x08002864   0x08002864   0x000000ea   Code   RO         3145    x$fpl$fsub          fz_ws.l(faddsub_clz.o)
    0x0800294e   0x0800294e   0x00000064   Code   RO         3188    x$fpl$retnan        fz_ws.l(retnan.o)
    0x080029b2   0x080029b2   0x0000005c   Code   RO         3159    x$fpl$scalbn        fz_ws.l(scalbn.o)
    0x08002a0e   0x08002a0e   0x00000030   Code   RO         3200    x$fpl$trapveneer    fz_ws.l(trapv.o)
    0x08002a3e   0x08002a3e   0x00000000   Code   RO         3172    x$fpl$usenofp       fz_ws.l(usenofp.o)
    0x08002a3e   0x08002a3e   0x00000012   Data   RO         1942    .constdata          stm32f1xx_hal_rcc.o
    0x08002a50   0x08002a50   0x00000010   Data   RO         3086    .constdata          system_stm32f1xx.o
    0x08002a60   0x08002a60   0x00000008   Data   RO         3087    .constdata          system_stm32f1xx.o
    0x08002a68   0x08002a68   0x00000020   Data   RO         3331    Region$$Table       anon$$obj.o


    Execution Region RW_IRAM1 (Exec base: 0x20000000, Load base: 0x08002a88, Size: 0x000007a0, Max: 0x00002800, ABSOLUTE)

    Exec Addr    Load Addr    Size         Type   Attr      Idx    E Section Name        Object

    0x20000000   0x08002a88   0x00000001   Data   RW           21    .data               user_car.o
    0x20000001   0x08002a89   0x00000003   PAD
    0x20000004   0x08002a8c   0x00000008   Data   RW          256    .data               sr04.o
    0x2000000c   0x08002a94   0x00000003   Data   RW          636    .data               stm32f1xx_it.o
    0x2000000f   0x08002a97   0x00000001   PAD
    0x20000010   0x08002a98   0x0000000c   Data   RW         1779    .data               stm32f1xx_hal.o
    0x2000001c   0x08002aa4   0x00000004   Data   RW         3088    .data               system_stm32f1xx.o
    0x20000020        -       0x000000d8   Zero   RW          515    .bss                tim.o
    0x200000f8        -       0x00000048   Zero   RW          585    .bss                usart.o
    0x20000140        -       0x00000060   Zero   RW         3203    .bss                c_w.l(libspace.o)
    0x200001a0        -       0x00000200   Zero   RW            2    HEAP                startup_stm32f103x6.o
    0x200003a0        -       0x00000400   Zero   RW            1    STACK               startup_stm32f103x6.o


==============================================================================

Image component sizes


      Code (inc. data)   RO Data    RW Data    ZI Data      Debug   Object Name

       224         18          0          0          0        975   gpio.o
       170         16          0          0          0       1996   main.o
       112         26          0          8          0        766   sr04.o
        64         26        236          0       1536        800   startup_stm32f103x6.o
       128         24          0         12          0       4889   stm32f1xx_hal.o
       198         14          0          0          0      28903   stm32f1xx_hal_cortex.o
       222          4          0          0          0       1743   stm32f1xx_hal_dma.o
       492         36          0          0          0       4054   stm32f1xx_hal_gpio.o
        60          8          0          0          0        854   stm32f1xx_hal_msp.o
      1240         84         18          0          0       5064   stm32f1xx_hal_rcc.o
      1736         48          0          0          0      16485   stm32f1xx_hal_tim.o
       100         10          0          0          0       2369   stm32f1xx_hal_tim_ex.o
      1282         10          0          0          0       9230   stm32f1xx_hal_uart.o
       204         24          0          3          0       6147   stm32f1xx_it.o
         2          0         24          4          0       1091   system_stm32f1xx.o
       560         54          0          0        216       4096   tim.o
       184         20          0          0         72       1654   usart.o
         0          0          0          0          0     410328   user_autogo.o
       178         24          0          1          0     421131   user_car.o
       120         16          0          0          0       1075   user_motor.o
        48         16          0          0          0        485   user_servo.o

    ----------------------------------------------------------------------
      7342        478        310         32       1824     924135   Object Totals
         0          0         32          0          0          0   (incl. Generated)
        18          0          0          4          0          0   (incl. Padding)

    ----------------------------------------------------------------------

      Code (inc. data)   RO Data    RW Data    ZI Data      Debug   Library Member Name

         8          0          0          0          0         68   __main.o
         0          0          0          0          0          0   __rtentry.o
        12          0          0          0          0          0   __rtentry2.o
         6          0          0          0          0          0   __rtentry4.o
        52          8          0          0          0          0   __scatter.o
        26          0          0          0          0          0   __scatter_copy.o
        28          0          0          0          0          0   __scatter_zi.o
        18          0          0          0          0         80   exit.o
         6          0          0          0          0        152   heapauxi.o
         0          0          0          0          0          0   indicate_semi.o
         2          0          0          0          0          0   libinit.o
         2          0          0          0          0          0   libinit2.o
         2          0          0          0          0          0   libshutdown.o
         2          0          0          0          0          0   libshutdown2.o
         8          4          0          0         96         68   libspace.o
        78          0          0          0          0         80   rt_memclr_w.o
         2          0          0          0          0          0   rtexit.o
        10          0          0          0          0          0   rtexit2.o
        12          4          0          0          0         68   sys_exit.o
        74          0          0          0          0         80   sys_stackheap_outer.o
         2          0          0          0          0         68   use_no_semi.o
        98          4          0          0          0         92   d2f.o
        16          4          0          0          0         68   dcheck1.o
       688        140          0          0          0        208   ddiv.o
        38          0          0          0          0         68   dflt_clz.o
       340         12          0          0          0        104   dmul.o
       156          4          0          0          0         92   dnaninf.o
        12          0          0          0          0         68   dretinf.o
       430          8          0          0          0        168   faddsub_clz.o
       388         76          0          0          0         96   fdiv.o
        62          4          0          0          0         84   ffixu.o
       258          4          0          0          0         84   fmul.o
       140          4          0          0          0         84   fnaninf.o
        10          0          0          0          0         68   fretinf.o
       100          0          0          0          0         68   retnan.o
        92          0          0          0          0         68   scalbn.o
        48          0          0          0          0         68   trapv.o
         0          0          0          0          0          0   usenofp.o

    ----------------------------------------------------------------------
      3236        276          0          0         96       2152   Library Totals
        10          0          0          0          0          0   (incl. Padding)

    ----------------------------------------------------------------------

      Code (inc. data)   RO Data    RW Data    ZI Data      Debug   Library Name

       350         16          0          0         96        664   c_w.l
      2876        260          0          0          0       1488   fz_ws.l

    ----------------------------------------------------------------------
      3236        276          0          0         96       2152   Library Totals

    ----------------------------------------------------------------------

==============================================================================


      Code (inc. data)   RO Data    RW Data    ZI Data      Debug   

     10578        754        310         32       1920     920511   Grand Totals
     10578        754        310         32       1920     920511   ELF Image Totals
     10578        754        310         32          0          0   ROM Totals

==============================================================================

    Total RO  Size (Code + RO Data)                10888 (  10.63kB)
    Total RW  Size (RW Data + ZI Data)              1952 (   1.91kB)
    Total ROM Size (Code + RO Data + RW Data)      10920 (  10.66kB)

==============================================================================

